=== eps=1.0: on-shell I_(a,R)(cap)=I_inv-eps*R*v along the real family at a=2 (sorted by v) ===
  v= -9.8037 c3=-0.00050 contracting R=  +35.166 I_inv=  -171.847  I_(a,R)=  +172.913
  v= -7.5057 c3=-0.00100 contracting R=  +24.717 I_inv=  -103.477  I_(a,R)=   +82.040
  v= -2.5328 c3=-0.00763 contracting R=   +9.537 I_inv=   -22.293  I_(a,R)=    +1.861
  v= -1.4514 c3=-0.01425 contracting R=   +7.379 I_inv=   -13.173  I_(a,R)=    -2.463
  v= -0.8224 c3=-0.02088 contracting R=   +6.221 I_inv=    -8.897  I_(a,R)=    -3.781
  v= -0.2192 c3=-0.02750 contracting R=   +5.030 I_inv=    -5.492  I_(a,R)=    -4.389
  v= -0.2192 c3=-0.02750 contracting R=   +5.030 I_inv=    -5.492  I_(a,R)=    -4.389
  v= +0.1940 c3=-0.02750 expanding   R=   +3.939 I_inv=    -3.626  I_(a,R)=    -4.390
  v= +0.1940 c3=-0.02750 expanding   R=   +3.939 I_inv=    -3.626  I_(a,R)=    -4.390
  v= +0.5386 c3=-0.02088 expanding   R=   +2.624 I_inv=    -2.481  I_(a,R)=    -3.895
  v= +0.7225 c3=-0.01425 expanding   R=   +1.710 I_inv=    -2.080  I_(a,R)=    -3.316
  v= +0.8639 c3=-0.00763 expanding   R=   +0.891 I_inv=    -1.895  I_(a,R)=    -2.665
  v= +0.9833 c3=-0.00100 expanding   R=   +0.115 I_inv=    -1.834  I_(a,R)=    -1.947
  v= +0.9917 c3=-0.00050 expanding   R=   +0.057 I_inv=    -1.834  I_(a,R)=    -1.890
  v= +1.0000 c3=+0.00000 expanding   R=   +0.000 I_inv=    -1.833  I_(a,R)=    -1.833
  v= +1.0082 c3=+0.00050 expanding   R=   -0.057 I_inv=    -1.834  I_(a,R)=    -1.776
  v= +1.0325 c3=+0.00200 expanding   R=   -0.228 I_inv=    -1.837  I_(a,R)=    -1.601
  v= +1.0944 c3=+0.00600 expanding   R=   -0.679 I_inv=    -1.865  I_(a,R)=    -1.121
  v= +1.1529 c3=+0.01000 expanding   R=   -1.126 I_inv=    -1.918  I_(a,R)=    -0.620
  v= +1.2084 c3=+0.01400 expanding   R=   -1.568 I_inv=    -1.992  I_(a,R)=    -0.097
  v= +1.2614 c3=+0.01800 expanding   R=   -2.008 I_inv=    -2.087  I_(a,R)=    +0.446
  v= +1.3123 c3=+0.02200 expanding   R=   -2.445 I_inv=    -2.200  I_(a,R)=    +1.009
  v= +1.3612 c3=+0.02600 expanding   R=   -2.881 I_inv=    -2.330  I_(a,R)=    +1.591
  v= +1.4085 c3=+0.03000 expanding   R=   -3.315 I_inv=    -2.477  I_(a,R)=    +2.193
  v= +1.4542 c3=+0.03400 expanding   R=   -3.749 I_inv=    -2.638  I_(a,R)=    +2.813
  v= +1.4986 c3=+0.03800 expanding   R=   -4.181 I_inv=    -2.814  I_(a,R)=    +3.452
  v= +1.5417 c3=+0.04200 expanding   R=   -4.614 I_inv=    -3.004  I_(a,R)=    +4.109
  v= +1.5838 c3=+0.04600 expanding   R=   -5.046 I_inv=    -3.207  I_(a,R)=    +4.784
  v= +1.6248 c3=+0.05000 expanding   R=   -5.478 I_inv=    -3.423  I_(a,R)=    +5.477
  v= +2.0741 c3=+0.10000 expanding   R=  -10.901 I_inv=    -7.055  I_(a,R)=   +15.555
  v= +2.7819 c3=+0.20000 expanding   R=  -22.041 I_inv=   -18.525  I_(a,R)=   +42.792
  v= +4.3363 c3=+0.50000 expanding   R=  -57.804 I_inv=   -78.562  I_(a,R)=  +172.093
  v= +6.2407 c3=+1.00000 expanding   R= -122.888 I_inv=  -246.900  I_(a,R)=  +520.004
  v= +9.1179 c3=+2.00000 expanding   R= -265.680 I_inv=  -793.054  I_(a,R)= +1629.392
  minimum: I_(a,R)=-4.3898 at v=+0.1940, R=+3.939 (c3=-0.02750); ends: v=-9.80->+172.9, v=+9.12->+1629.4
=== eps=0.3: on-shell I_(a,R)(cap)=I_inv-eps*R*v along the real family at a=2 (sorted by v) ===
  v= -6.9180 c3=-0.00050 contracting R=  +51.093 I_inv=   -54.784  I_(a,R)=   +51.253
  v= -5.2409 c3=-0.00100 contracting R=  +35.618 I_inv=   -33.118  I_(a,R)=   +22.883
  v= -4.3575 c3=-0.00150 contracting R=  +28.860 I_inv=   -24.595  I_(a,R)=   +13.132
  v= -3.3387 c3=-0.00250 contracting R=  +22.203 I_inv=   -16.822  I_(a,R)=    +5.416
  v= -2.7186 c3=-0.00350 contracting R=  +18.709 I_inv=   -13.023  I_(a,R)=    +2.236
  v= -2.2773 c3=-0.00450 contracting R=  +16.458 I_inv=   -10.697  I_(a,R)=    +0.547
  v= -1.9350 c3=-0.00550 contracting R=  +14.832 I_inv=    -9.091  I_(a,R)=    -0.481
  v= -1.6540 c3=-0.00650 contracting R=  +13.566 I_inv=    -7.894  I_(a,R)=    -1.163
  v= -1.4132 c3=-0.00750 contracting R=  +12.522 I_inv=    -6.953  I_(a,R)=    -1.644
  v= -1.3853 c3=-0.00763 contracting R=  +12.403 I_inv=    -6.848  I_(a,R)=    -1.694
  v= -1.1996 c3=-0.00850 contracting R=  +11.621 I_inv=    -6.179  I_(a,R)=    -1.997
  v= -1.0038 c3=-0.00950 contracting R=  +10.808 I_inv=    -5.520  I_(a,R)=    -2.265
  v= -0.8178 c3=-0.01050 contracting R=  +10.042 I_inv=    -4.939  I_(a,R)=    -2.475
  v= -0.6330 c3=-0.01150 contracting R=   +9.277 I_inv=    -4.403  I_(a,R)=    -2.641
  v= -0.4346 c3=-0.01250 contracting R=   +8.442 I_inv=    -3.876  I_(a,R)=    -2.775
  v= +0.3376 c3=-0.01250 expanding   R=   +4.696 I_inv=    -2.332  I_(a,R)=    -2.808
  v= +0.4444 c3=-0.01150 expanding   R=   +4.063 I_inv=    -2.192  I_(a,R)=    -2.734
  v= +0.5257 c3=-0.01050 expanding   R=   +3.554 I_inv=    -2.099  I_(a,R)=    -2.659
  v= +0.5933 c3=-0.00950 expanding   R=   +3.110 I_inv=    -2.031  I_(a,R)=    -2.585
  v= +0.6522 c3=-0.00850 expanding   R=   +2.709 I_inv=    -1.980  I_(a,R)=    -2.510
  v= +0.6986 c3=-0.00763 expanding   R=   +2.381 I_inv=    -1.944  I_(a,R)=    -2.444
  v= +0.7049 c3=-0.00750 expanding   R=   +2.336 I_inv=    -1.940  I_(a,R)=    -2.434
  v= +0.7530 c3=-0.00650 expanding   R=   +1.985 I_inv=    -1.909  I_(a,R)=    -2.357
  v= +0.7974 c3=-0.00550 expanding   R=   +1.651 I_inv=    -1.885  I_(a,R)=    -2.280
  v= +0.8388 c3=-0.00450 expanding   R=   +1.330 I_inv=    -1.866  I_(a,R)=    -2.201
  v= +0.8779 c3=-0.00350 expanding   R=   +1.021 I_inv=    -1.852  I_(a,R)=    -2.121
  v= +0.9148 c3=-0.00250 expanding   R=   +0.720 I_inv=    -1.843  I_(a,R)=    -2.040
  v= +0.9500 c3=-0.00150 expanding   R=   +0.427 I_inv=    -1.837  I_(a,R)=    -1.958
  v= +0.9670 c3=-0.00100 expanding   R=   +0.283 I_inv=    -1.835  I_(a,R)=    -1.917
  v= +0.9837 c3=-0.00050 expanding   R=   +0.141 I_inv=    -1.834  I_(a,R)=    -1.875
  v= +1.0000 c3=+0.00000 expanding   R=   +0.000 I_inv=    -1.833  I_(a,R)=    -1.833
  v= +1.0160 c3=+0.00050 expanding   R=   -0.140 I_inv=    -1.834  I_(a,R)=    -1.791
  v= +1.0623 c3=+0.00200 expanding   R=   -0.552 I_inv=    -1.839  I_(a,R)=    -1.663
  v= +1.1754 c3=+0.00600 expanding   R=   -1.610 I_inv=    -1.875  I_(a,R)=    -1.307
  v= +1.2772 c3=+0.01000 expanding   R=   -2.627 I_inv=    -1.940  I_(a,R)=    -0.933
  v= +1.3709 c3=+0.01400 expanding   R=   -3.618 I_inv=    -2.027  I_(a,R)=    -0.539
  v= +1.4581 c3=+0.01800 expanding   R=   -4.592 I_inv=    -2.135  I_(a,R)=    -0.126
  v= +1.5404 c3=+0.02200 expanding   R=   -5.553 I_inv=    -2.260  I_(a,R)=    +0.307
  v= +1.6185 c3=+0.02600 expanding   R=   -6.507 I_inv=    -2.401  I_(a,R)=    +0.759
  v= +1.6932 c3=+0.03000 expanding   R=   -7.457 I_inv=    -2.557  I_(a,R)=    +1.231
  v= +1.7649 c3=+0.03400 expanding   R=   -8.404 I_inv=    -2.728  I_(a,R)=    +1.722
  v= +1.8341 c3=+0.03800 expanding   R=   -9.351 I_inv=    -2.912  I_(a,R)=    +2.233
  v= +1.9011 c3=+0.04200 expanding   R=  -10.298 I_inv=    -3.109  I_(a,R)=    +2.764
  v= +1.9661 c3=+0.04600 expanding   R=  -11.247 I_inv=    -3.319  I_(a,R)=    +3.314
  v= +2.0294 c3=+0.05000 expanding   R=  -12.198 I_inv=    -3.542  I_(a,R)=    +3.885
  v= +2.7232 c3=+0.10000 expanding   R=  -24.478 I_inv=    -7.300  I_(a,R)=   +12.698
  v= +3.8505 c3=+0.20000 expanding   R=  -51.818 I_inv=   -19.940  I_(a,R)=   +39.917
  v= +6.5377 c3=+0.50000 expanding   R= -154.517 I_inv=   -99.545  I_(a,R)=  +203.510
  v=+10.1850 c3=+1.00000 expanding   R= -378.882 I_inv=  -382.444  I_(a,R)=  +775.230
  v=+16.2708 c3=+2.00000 expanding   R= -971.214 I_inv= -1573.420  I_(a,R)= +3167.308
  minimum: I_(a,R)=-2.8080 at v=+0.3376, R=+4.696 (c3=-0.01250); ends: v=-6.92->+51.3, v=+16.27->+3167.3
