p_a^ESU = (-3*A0**2*A1 + 3*A0**2*A3*epsilon + 3*A0*A1*A2*epsilon - 6*A1**3*epsilon - 2*A1**3 + 6*A1*epsilon + 6*A1)/(2*A0)
eps=1 recontracting cap at (4,12): a1=1.99987+0.00000j v1=-3.59810+0.00000j R1=12.00156+0.00000j | Q_th=11.999942+0.000000j P_th=-17.759043+0.000000j p_v^ESU=6.026768+0.000000j
   dtau1 (h=1e-04): dI=-5.57864721e-03+0.00000000e+00j pred=-5.57864742e-03+0.00000000e+00j rel=3.88e-08
   dc3=1e-04: da=9.728e-02+0.000e+00j dv=2.224e-01+0.000e+00j dI=9.39035578e-01+0.00000000e+00j pred=9.41512817e-01+0.00000000e+00j rel=2.64e-03 | solved (P,Q)=(-17.904447+0.000000j,12.052398+0.000000j)  dP=1.5e-01 dQ=5.2e-02
   dc3=1e-05: da=9.720e-03+0.000e+00j dv=2.215e-02+0.000e+00j dI=9.31684589e-02+0.00000000e+00j pred=9.31709476e-02+0.00000000e+00j rel=2.67e-05 | solved (P,Q)=(-17.760479+0.000000j,12.000460+0.000000j)  dP=1.4e-03 dQ=5.2e-04
   dc3=1e-06: da=9.720e-04+0.000e+00j dv=2.215e-03+0.000e+00j dI=9.31611840e-03+0.00000000e+00j pred=9.31612089e-03+0.00000000e+00j rel=2.67e-07 | solved (P,Q)=(-17.759054+0.000000j,11.999946+0.000000j)  dP=1.2e-05 dQ=4.0e-06
   dc3=1e-07: da=9.720e-05+0.000e+00j dv=2.215e-04+0.000e+00j dI=9.31611113e-04+0.00000000e+00j pred=9.31611115e-04+0.00000000e+00j rel=2.24e-09 | solved (P,Q)=(-17.759040-0.000000j,11.999941+0.000000j)  dP=2.7e-06 dQ=1.2e-06
   mixed (dc3=1e-6,h=1e-4): dI=3.73746542e-03+0.00000000e+00j pred=3.73746543e-03+0.00000000e+00j rel=1.51e-09
eps=1 recontracting cap, expanding side tau=3: a1=2.81704+0.00000j v1=0.76767+0.00000j R1=0.84079+0.00000j | Q_th=1.668057+0.000000j P_th=-3.546579+0.000000j p_v^ESU=1.873397+0.000000j
   dtau1 (h=1e-04): dI=-3.13790338e-04+0.00000000e+00j pred=-3.13790337e-04+0.00000000e+00j rel=1.41e-10
   dc3=1e-04: da=3.989e-03+0.000e+00j dv=5.000e-03+0.000e+00j dI=-5.80723466e-03+0.00000000e+00j pred=-5.80693720e-03+0.00000000e+00j rel=5.12e-05 | solved (P,Q)=(-3.546595+0.000000j,1.668009+0.000000j)  dP=1.5e-05 dQ=4.7e-05
   dc3=1e-05: da=3.989e-04+0.000e+00j dv=5.000e-04+0.000e+00j dI=-5.80694123e-04+0.00000000e+00j pred=-5.80693825e-04+0.00000000e+00j rel=5.12e-07 | solved (P,Q)=(-3.546579+0.000000j,1.668056+0.000000j)  dP=1.5e-07 dQ=4.7e-07
   dc3=1e-06: da=3.989e-05+0.000e+00j dv=5.000e-05+0.000e+00j dI=-5.80693829e-05+0.00000000e+00j pred=-5.80693826e-05+0.00000000e+00j rel=5.12e-09 | solved (P,Q)=(-3.546579+0.000000j,1.668057+0.000000j)  dP=2.0e-09 dQ=4.4e-09
   dc3=1e-07: da=3.989e-06+0.000e+00j dv=5.000e-06+0.000e+00j dI=-5.80693826e-06+0.00000000e+00j pred=-5.80693827e-06+0.00000000e+00j rel=3.37e-10 | solved (P,Q)=(-3.546579+0.000000j,1.668057+0.000000j)  dP=3.6e-10 dQ=6.8e-10
   mixed (dc3=1e-6,h=1e-4): dI=-3.71859722e-04+0.00000000e+00j pred=-3.71859721e-04+0.00000000e+00j rel=3.76e-09
eps=0.3 recontracting cap at (4,12): a1=2.00002+0.00000j v1=-1.29003+0.00000j R1=11.99976+0.00000j | Q_th=3.599992+0.000000j P_th=-4.399936+0.000000j p_v^ESU=3.267905+0.000000j
   dtau1 (h=1e-04): dI=-9.91926846e-04+0.00000000e+00j pred=-9.91926853e-04+0.00000000e+00j rel=7.12e-09
   dc3=1e-04: da=1.411e-02+0.000e+00j dv=2.620e-02+0.000e+00j dI=3.22307299e-02+0.00000000e+00j pred=3.22339053e-02+0.00000000e+00j rel=9.85e-05 | solved (P,Q)=(-4.400440+0.000000j,3.600142+0.000000j)  dP=5.0e-04 dQ=1.5e-04
   dc3=1e-05: da=1.411e-03+0.000e+00j dv=2.620e-03+0.000e+00j dI=3.22311250e-03+0.00000000e+00j pred=3.22311568e-03+0.00000000e+00j rel=9.85e-07 | solved (P,Q)=(-4.399941+0.000000j,3.599994+0.000000j)  dP=5.0e-06 dQ=1.5e-06
   dc3=1e-06: da=1.411e-04+0.000e+00j dv=2.620e-04+0.000e+00j dI=3.22311290e-04+0.00000000e+00j pred=3.22311293e-04+0.00000000e+00j rel=9.76e-09 | solved (P,Q)=(-4.399936+0.000000j,3.599992+0.000000j)  dP=1.8e-08 dQ=2.2e-08
   dc3=1e-07: da=1.411e-05+0.000e+00j dv=2.620e-05+0.000e+00j dI=3.22311290e-05+0.00000000e+00j pred=3.22311290e-05+0.00000000e+00j rel=1.33e-11 | solved (P,Q)=(-4.399936-0.000000j,3.599992+0.000000j)  dP=6.8e-08 dQ=3.6e-08
   mixed (dc3=1e-6,h=1e-4): dI=-6.69615533e-04+0.00000000e+00j pred=-6.69615532e-04+0.00000000e+00j rel=7.32e-10
