p_a^ESU = (-3*A0**2*A1 + 3*A0**2*A3*epsilon + 3*A0*A1*A2*epsilon - 6*A1**3*epsilon - 2*A1**3 + 6*A1*epsilon + 6*A1)/(2*A0)
eps=1 real recontracting cap (c3=-0.004475) cut at tau=3.0 (expanding side): a1=2.8170+0.0000j v1=0.7677+0.0000j R1=0.8408+0.0000j | Q_theory=(eps/4)a^2R=1.66806+0.00000j  p_v^ESU=1.87340+0.00000j  P=p_a^ESU=-3.54658+0.00000j
    dtau1: dI_inv=-3.137903e-04+0.000000e+00j  P da+Q dv=-3.137903e-04+0.000000e+00j  (da=7.677e-05+0.000e+00j, dv=-2.490e-05+0.000e+00j)  rel.err=1.41e-10
    dc3: dI_inv=-5.807235e-03+0.000000e+00j  P da+Q dv=-5.806937e-03+0.000000e+00j  (da=3.989e-03+0.000e+00j, dv=5.000e-03+0.000e+00j)  rel.err=5.12e-05
    numerical (P,Q)=(-3.54659+0.00000j,1.66801+0.00000j)  vs theory (-3.54658+0.00000j,1.66806+0.00000j)  vs ESU p_v=1.87340+0.00000j
eps=1 real recontracting cap at (4,12) cut (contracting side): a1=1.9999+0.0000j v1=-3.5981+0.0000j R1=12.0016+0.0000j | Q_theory=(eps/4)a^2R=11.99994+0.00000j  p_v^ESU=6.02677+0.00000j  P=p_a^ESU=-17.75904+0.00000j
    dtau1: dI_inv=-5.578647e-03+0.000000e+00j  P da+Q dv=-5.578647e-03+0.000000e+00j  (da=-3.598e-04+0.000e+00j, dv=-9.974e-04+0.000e+00j)  rel.err=3.88e-08
    dc3: dI_inv=9.390356e-01+0.000000e+00j  P da+Q dv=9.415128e-01+0.000000e+00j  (da=9.728e-02+0.000e+00j, dv=2.224e-01+0.000e+00j)  rel.err=2.64e-03
    numerical (P,Q)=(-17.90445+0.00000j,12.05240+0.00000j)  vs theory (-17.75904+0.00000j,11.99994+0.00000j)  vs ESU p_v=6.02677+0.00000j
eps=1 double bubble cut at tau=1.6 (K<0): a1=0.6530+0.0000j v1=-0.2664+0.0000j R1=14.6488+0.0000j | Q_theory=(eps/4)a^2R=1.56144+0.00000j  p_v^ESU=2.02596+0.00000j  P=p_a^ESU=0.72015+0.00000j
    dtau1: dI_inv=-4.594246e-05+0.000000e+00j  P da+Q dv=-4.594245e-05+0.000000e+00j  (da=-2.664e-05+0.000e+00j, dv=-1.714e-05+0.000e+00j)  rel.err=5.84e-08
    dc3: dI_inv=9.117780e-06+0.000000e+00j  P da+Q dv=9.117754e-06+0.000000e+00j  (da=1.199e-04+0.000e+00j, dv=-4.948e-05+0.000e+00j)  rel.err=2.84e-06
    numerical (P,Q)=(0.72015+0.00000j,1.56143+0.00000j)  vs theory (0.72015+0.00000j,1.56144+0.00000j)  vs ESU p_v=2.02596+0.00000j
eps=1 round sphere cut at tau=1.2: a1=0.9320+0.0000j v1=0.3624+0.0000j R1=12.0000+0.0000j | Q_theory=(eps/4)a^2R=2.60609+0.00000j  p_v^ESU=3.04044+0.00000j  P=p_a^ESU=0.60869+0.00000j
    dtau1: dI_inv=-2.208414e-04+0.000000e+00j  P da+Q dv=-2.208414e-04+0.000000e+00j  (da=3.624e-05+0.000e+00j, dv=-9.320e-05+0.000e+00j)  rel.err=5.30e-09
    dc3: dI_inv=8.378774e-04+0.000000e+00j  P da+Q dv=8.378775e-04+0.000000e+00j  (da=1.377e-04+0.000e+00j, dv=2.893e-04+0.000e+00j)  rel.err=7.42e-08
    numerical (P,Q)=(0.60869+0.00000j,2.60609+0.00000j)  vs theory (0.60869+0.00000j,2.60609+0.00000j)  vs ESU p_v=3.04044+0.00000j
eps=1 sphere dS continuation at (4,12) (complex cut): a1=2.0000+0.0000j v1=0.0000-1.7321j R1=12.0000+0.0000j | Q_theory=(eps/4)a^2R=12.00000+0.00000j  p_v^ESU=14.00000+0.00000j  P=p_a^ESU=-0.00000-0.00000j
    dtau1: dI_inv=-2.400000e-03-1.119105e-13j  P da+Q dv=-2.400000e-03-9.838013e-14j  (da=3.220e-15-1.732e-04j, dv=-2.000e-04-3.220e-15j)  rel.err=9.06e-09
    dc3: dI_inv=1.486248e-02+6.340171e-03j  P da+Q dv=1.486248e-02+6.340180e-03j  (da=8.281e-05+8.312e-04j, dv=1.239e-03+5.283e-04j)  rel.err=5.57e-07
    numerical (P,Q)=(-0.00000-0.00002j,11.99999+0.00000j)  vs theory (-0.00000-0.00000j,12.00000+0.00000j)  vs ESU p_v=14.00000+0.00000j
eps=1 complex pair at (4,12): a1=2.0000+0.0000j v1=-0.0208-1.7314j R1=12.0000+0.0000j | Q_theory=(eps/4)a^2R=12.00003+0.00007j  p_v^ESU=13.99872-0.03602j  P=p_a^ESU=-0.25026+0.00652j
    dtau1: dI_inv=-2.399944e-03-2.400831e-08j  P da+Q dv=-2.399944e-03-2.400833e-08j  (da=-2.084e-06-1.731e-04j, dv=-2.001e-04-3.611e-06j)  rel.err=9.05e-09
    dc3: dI_inv=2.629624e-04-6.992119e-04j  P da+Q dv=2.629624e-04-6.992119e-04j  (da=3.092e-05+4.673e-05j, dv=2.258e-05-5.731e-05j)  rel.err=5.58e-09
    numerical (P,Q)=(-0.25026+0.00652j,12.00003+0.00007j)  vs theory (-0.25026+0.00652j,12.00003+0.00007j)  vs ESU p_v=13.99872-0.03602j
eps=0.3 real recontracting cap at (4,12): a1=2.0000+0.0000j v1=-1.2900+0.0000j R1=11.9998+0.0000j | Q_theory=(eps/4)a^2R=3.59999+0.00000j  p_v^ESU=3.26790+0.00000j  P=p_a^ESU=-4.39994+0.00000j
    dtau1: dI_inv=-9.919268e-04+0.000000e+00j  P da+Q dv=-9.919269e-04+0.000000e+00j  (da=-1.290e-04+0.000e+00j, dv=-4.332e-04+0.000e+00j)  rel.err=7.12e-09
    dc3: dI_inv=3.223073e-02+0.000000e+00j  P da+Q dv=3.223391e-02+0.000000e+00j  (da=1.411e-02+0.000e+00j, dv=2.620e-02+0.000e+00j)  rel.err=9.85e-05
    numerical (P,Q)=(-4.40044+0.00000j,3.60014+0.00000j)  vs theory (-4.39994+0.00000j,3.59999+0.00000j)  vs ESU p_v=3.26790+0.00000j
eps=0.3 generic real cap c3=-0.10 cut at tau=2.0: a1=1.1091+0.0000j v1=-0.4067+0.0000j R1=12.5727+0.0000j | Q_theory=(eps/4)a^2R=1.15990+0.00000j  p_v^ESU=1.57719+0.00000j  P=p_a^ESU=-0.98197+0.00000j
    dtau1: dI_inv=-1.423453e-04+0.000000e+00j  P da+Q dv=-1.423453e-04+0.000000e+00j  (da=-4.067e-05+0.000e+00j, dv=-1.572e-04+0.000e+00j)  rel.err=1.57e-08
    dc3: dI_inv=-8.169314e-05+0.000000e+00j  P da+Q dv=-8.169338e-05+0.000000e+00j  (da=4.572e-04+0.000e+00j, dv=3.167e-04+0.000e+00j)  rel.err=2.97e-06
    numerical (P,Q)=(-0.98197+0.00000j,1.15990+0.00000j)  vs theory (-0.98197+0.00000j,1.15990+0.00000j)  vs ESU p_v=1.57719+0.00000j
