=== (i) complex pair at (4,12): eps continuation 0.50 -> 1.00, step 0.05, path [1.185, tau1] ===
eps=0.30: c3=-0.204602-0.818542j tau1=2.46994+0.91183j v=-0.0369-1.7301j theta1=1.5708-0.0000j I_inv=-1.8594-3.6562j Re I_aR=-1.7266 sphere=-1.6000 gap=-0.1266
eps=0.35: lost (resid 3.5e+01) at x=[2.59441521-0.88740711j 7.60059146-0.79604219j]
   reference eps=1 pair from invariant.out: c3=-0.885788-0.478724i tau1=2.73251+1.13928i, I_inv=-4.6439-10.9117i, Re I_aR=-4.394
=== (ii) recontracting cap at (q,12), eps=1: q continuation beyond 9 in steps of 1 ===
q=  9.0: c3=-0.0004426 tau1=8.2931 v=-5.9941 I_inv=-106.2048 B=+161.8397 I_aR= +55.6349 sphere=-3.000 gap= +58.6349
q= 10.0: c3=-0.0003066 tau1=8.7066 v=-6.3822 I_inv=-123.5975 B=+191.4658 I_aR= +67.8683 sphere=-3.000 gap= +70.8683
q= 11.0: c3=-0.0002164 tau1=9.0991 v=-6.7512 I_inv=-141.8195 B=+222.7905 I_aR= +80.9710 sphere=-3.000 gap= +83.9710
q= 12.0: c3=-0.0001551 tau1=9.4736 v=-7.1037 I_inv=-160.8309 B=+255.7343 I_aR= +94.9034 sphere=-3.000 gap= +97.9034
q= 13.0: c3=-0.0001127 tau1=9.8323 v=-7.4417 I_inv=-180.5971 B=+290.2279 I_aR=+109.6308 sphere=-3.000 gap=+112.6308
q= 14.0: c3=-0.0000829 tau1=10.1773 v=-7.7669 I_inv=-201.0879 B=+326.2103 I_aR=+125.1224 sphere=-3.000 gap=+128.1224
q= 15.0: c3=-0.0000616 tau1=10.5099 v=-8.0806 I_inv=-222.2762 B=+363.6272 I_aR=+141.3510 sphere=-3.000 gap=+144.3510
q=16.0: lost
=== (iii) recontracting cap at (q,12), eps=0.3: q continuation beyond 16 in steps of 1 ===
q= 16.0: c3=-0.0000492 tau1=6.3874 v=-3.6630 I_inv= -44.7194 B= +52.7471 I_aR=  +8.0277 sphere=-1.600 gap=  +9.6277
q= 17.0: c3=-0.0000360 tau1=6.5771 v=-3.8089 I_inv= -48.7131 B= +58.2763 I_aR=  +9.5631 sphere=-1.600 gap= +11.1631
q= 18.0: c3=-0.0000266 tau1=6.7612 v=-3.9506 I_inv= -52.8066 B= +63.9994 I_aR= +11.1928 sphere=-1.600 gap= +12.7928
q= 19.0: c3=-0.0000198 tau1=6.9402 v=-4.0884 I_inv= -56.9966 B= +69.9110 I_aR= +12.9144 sphere=-1.600 gap= +14.5144
q= 20.0: c3=-0.0000148 tau1=7.1146 v=-4.2226 I_inv= -61.2804 B= +76.0060 I_aR= +14.7256 sphere=-1.600 gap= +16.3256
q= 21.0: c3=-0.0000112 tau1=7.2847 v=-4.3534 I_inv= -65.6554 B= +82.2799 I_aR= +16.6244 sphere=-1.600 gap= +18.2244
q= 22.0: c3=-0.0000085 tau1=7.4508 v=-4.4812 I_inv= -70.1193 B= +88.7281 I_aR= +18.6088 sphere=-1.600 gap= +20.2088
q= 23.0: c3=-0.0000065 tau1=7.6131 v=-4.6061 I_inv= -74.6698 B= +95.3469 I_aR= +20.6771 sphere=-1.600 gap= +22.2771
q= 24.0: c3=-0.0000050 tau1=7.7720 v=-4.7283 I_inv= -79.3049 B=+102.1323 I_aR= +22.8274 sphere=-1.600 gap= +24.4274
q=25.0: lost
