eps=1.0, a1=3.0; Mbar_P^2 (H0=1, a2=1e6) = 70.4
   c3        T        K1=a'(T)   R(T)      theta(T)   I_J1/a     I_EH+R2/a   Gamma/a    I_corr/a   dI(corr-J1)
-0.0049   3.2838    0.6581      1.089   2.0789    -7.4871     -7.2977     2.7952     -4.5025   +2.9846
-0.0040   3.2141    0.7383      0.853   2.0528    -7.2317     -7.0759     2.7449     -4.3309   +2.9008
-0.0030   3.1491    0.8150      0.617   2.0274    -7.0326     -6.9152     2.7047     -4.2105   +2.8221
-0.0020   3.0933    0.8828      0.399   2.0049    -6.8957     -6.8172     2.6757     -4.1415   +2.7542
-0.0010   3.0441    0.9439      0.194   1.9844    -6.8048     -6.7656     2.6550     -4.1106   +2.6943
+0.0000   3.0000    1.0000      0.000   1.9656    -6.7500     -6.7500     2.6407     -4.1093   +2.6407
+0.0020   2.9233    1.1007     -0.365   1.9317    -6.7233     -6.8017     2.6264     -4.1753   +2.5480
+0.0040   2.8579    1.1900     -0.708   1.9017    -6.7810     -6.9375     2.6266     -4.3109   +2.4701
+0.0060   2.8008    1.2711     -1.034   1.8745    -6.9034     -7.1377     2.6375     -4.5002   +2.4032
+0.0080   2.7499    1.3458     -1.348   1.8497    -7.0782     -7.3900     2.6568     -4.7332   +2.3450
+0.0100   2.7040    1.4154     -1.653   1.8267    -7.2969     -7.6860     2.6831     -5.0029   +2.2939
+0.0120   2.6622    1.4808     -1.950   1.8052    -7.5536     -8.0200     2.7152     -5.3048   +2.2488
+0.0140   2.6238    1.5427     -2.241   1.7851    -7.8439     -8.3875     2.7525     -5.6350   +2.2088
+0.0160   2.5882    1.6017     -2.526   1.7661    -8.1643     -8.7852     2.7942     -5.9911   +2.1733
+0.0180   2.5551    1.6580     -2.807   1.7481    -8.5123     -9.2106     2.8399     -6.3707   +2.1416
+0.0200   2.5242    1.7121     -3.084   1.7311    -8.8857     -9.6615     2.8892     -6.7723   +2.1134
+0.0300   2.3936    1.9562     -4.430   1.6562   -11.0812    -12.2483     3.1814     -9.0669   +2.0143
+0.0500   2.2064    2.3617     -7.015   1.5408   -16.7816    -18.7602     3.9369    -14.8233   +1.9583
+0.0700   2.0724    2.7035     -9.543   1.4526   -23.8790    -26.7184     4.8638    -21.8546   +2.0244
+0.1000   1.9241    3.1475    -13.310   1.3498   -36.7208    -40.9552     6.5093    -34.4459   +2.2749
+0.1500   1.7516    3.7791    -19.627   1.2242   -63.2105    -70.0568     9.8155    -60.2413   +2.9691
+0.2000   1.6289    4.3282    -26.039   1.1315   -95.3722   -105.1876    13.7242    -91.4635   +3.9087
+0.3000   1.4588    5.2794    -39.184   0.9996  -174.9427   -191.7315    23.0892   -168.6423   +6.3005
+0.5000   1.2541    6.8544    -66.648   0.8380  -388.3138   -422.9286    47.0447   -375.8839  +12.4299
+0.7000   1.1275    8.1852    -95.403   0.7380  -666.4512   -723.6736    76.9457   -646.7279  +19.7233
+1.0000   1.0020    9.9175   -140.450   0.6397  -1193.2802  -1292.6545   131.4644  -1161.1900  +32.0901
+2.0000   0.7860   14.5277   -302.334   0.4754  -3782.5171  -4085.8268   383.8458  -3701.9809  +80.5362
+3.0000   0.6771   18.2331   -476.705   0.3960  -7499.5850  -8093.3062   729.2490  -7364.0572  +135.5279
+10.0000   0.4245   36.1443  -1875.767   0.2248  -58656.4317  -63220.9309  5163.0941  -58057.8368  +598.5949

corrected scheme: sup I/a over scanned real family = -4.1093 at c3=+0.0000; inf = -58057.8 at c3=+10.000 (unbounded below as c3 -> inf)
J-1 scheme:       sup I/a = -6.7233 at c3=+0.0020
|R(T)| < Mbar_P^2 up to c3 = +0.500
sphere half-action (corrected) = -3.6667; flat ball GH term -(3/4) a1^2 = -6.7500
