DB extrema (tau): [1.1849890935130696, 2.105895660952785, 3.0268010883265513]
--- sphere from equator: c3=-0.16666666666666666, from tau=1.5708 along 1j*t
   t      Re a      Im a     |a|^2    Re I      Im I      Re N     Im N    R (complex)
  0.25   +1.0314   +0.0000   1.0638   -3.6667   -1.2174  +1.0000  +0.2526   +12.000  +0.000i
  0.50   +1.1276   +0.0000   1.2715   -3.6667   -2.6285  +1.0000  +0.5211   +12.000  +0.000i
  0.75   +1.2947   +0.0000   1.6762   -3.6667   -4.5084  +1.0000  +0.8223   +12.000  +0.000i
  1.00   +1.5431   +0.0000   2.3811   -3.6667   -7.3405  +1.0000  +1.1752   +12.000  +0.000i
  1.25   +1.8884   +0.0000   3.5661   -3.6667  -12.0624  +1.0000  +1.6019   +12.000  +0.000i
  1.50   +2.3524   +0.0000   5.5338   -3.6667  -20.5724  +1.0000  +2.1293   +12.000  +0.000i
  1.75   +2.9642   +0.0000   8.7864   -3.6667  -36.7924  +1.0000  +2.7904   +12.000  +0.000i
  2.00   +3.7622   +0.0000  14.1541   -3.6667  -68.9114  +1.0000  +3.6269   +12.000  +0.000i
  2.25   +4.7966   +0.0000  23.0071   -3.6667 -134.1251  +1.0000  +4.6912   +12.000  +0.000i
  2.50   +6.1323   +0.0000  37.6050   -3.6667 -268.6617  +1.0000  +6.0502   +12.000  +0.000i
  2.75   +7.8533   +0.0000  61.6740   -3.6667 -548.9949  +1.0000  +7.7894   +12.000  +0.000i
  3.00  +10.0677   +0.0000 101.3578   -3.6667 -1136.7380  +1.0000 +10.0179   +12.000  +0.000i
--- double bubble from neck: c3=-0.349489, from tau=2.1059 along 1j*t
   t      Re a      Im a     |a|^2    Re I      Im I      Re N     Im N    R (complex)
  0.05   +0.5572   +0.0000   0.3105   -6.2005   -0.0220  +1.1428  +0.0279    +8.396  +0.000i
  0.10   +0.5534   +0.0000   0.3063   -6.2112   -0.0439  +1.1428  +0.0557    +8.097  +0.000i
  0.15   +0.5469   +0.0000   0.2991   -6.2285   -0.0659  +1.1428  +0.0832    +7.571  +0.000i
  0.20   +0.5374   +0.0000   0.2888   -6.2514   -0.0889  +1.1428  +0.1103    +6.772  +0.000i
  0.25   +0.5245   +0.0000   0.2751   -6.2780   -0.1148  +1.1428  +0.1369    +5.619  +0.000i
  0.30   +0.5077   +0.0000   0.2577   -6.3051   -0.1474  +1.1428  +0.1627    +3.970  +0.000i
  0.35   +0.4860   +0.0000   0.2362   -6.3268   -0.1944  +1.1428  +0.1876    +1.566  +0.000i
  0.40   +0.4582   +0.0000   0.2099   -6.3319   -0.2699  +1.1428  +0.2112    -2.119  +0.000i
  0.45   +0.4223   +0.0000   0.1783   -6.2956   -0.4018  +1.1428  +0.2333    -8.294  +0.000i
  0.50   +0.3747   +0.0000   0.1404   -6.1516   -0.6474  +1.1428  +0.2532   -20.475  +0.000i
  0.55   +0.3084   +0.0000   0.0951   -5.6450   -1.1278  +1.1428  +0.2704   -54.033  +0.000i
  0.60   +0.2005   +0.0000   0.0402   -2.4416   -1.6031  +1.1428  +0.2834  -308.454  +0.002i
  0.65   +0.0192   +0.1733   0.0304  -30.8542  +10.6776  +1.1404  +0.2878  -398.958 +20.176i
  0.70   +0.0334   +0.3140   0.0997  -14.2778   +7.1692  +1.1279  +0.2891   -60.578  -6.271i
--- double bubble from first peak: c3=-0.349489, from tau=1.1850 along 1j*t
   t      Re a      Im a     |a|^2    Re I      Im I      Re N     Im N    R (complex)
  0.20   +0.7404   -0.0016   0.5482   -3.4549   -1.1786  +0.5536  +0.1454   +20.145  -1.947i
  0.40   +0.8043   -0.0126   0.6471   -3.5518   -2.5752  +0.5547  +0.2991   +20.860  -3.782i
  0.60   +0.9212   -0.0424   0.8505   -3.7429   -4.4247  +0.5598  +0.4706   +21.964  -5.385i
  0.80   +1.1062   -0.1011   1.2340   -4.2540   -6.7951  +0.5736  +0.6721   +23.291  -6.709i
  1.00   +1.3801   -0.2013   1.9451   -6.7431   -9.1813  +0.6030  +0.9190   +24.682  -7.830i
  1.20   +1.7699   -0.3626   3.2641  -17.2099  -11.5169  +0.6582  +1.2318   +26.071  -8.891i
  1.40   +2.3124   -0.6167   5.7277  -47.2621  -12.9931  +0.7542  +1.6371   +27.472 -10.012i
  1.60   +3.0574   -1.0159  10.3799 -129.3641   +7.7820  +0.9144  +2.1703   +28.924 -11.276i
  1.80   +4.0726   -1.6448  19.2916 -369.4731 +131.0192  +1.1757  +2.8781   +30.468 -12.744i
  2.00   +5.4482   -2.6402  36.6536 -1030.9843 +642.1126  +1.5966  +3.8233   +32.136 -14.468i
  2.20   +7.3003   -4.2237  71.1335 -2670.9866 +2625.8718  +2.2707  +5.0891   +33.951 -16.508i
  2.40   +9.7694   -6.7559 141.0831 -6015.3503 +10070.2694  +3.3488  +6.7845   +35.932 -18.934i
  2.60  +13.0052  -10.8266 286.3506 -9016.0370 +36894.9269  +5.0748  +9.0480   +38.092 -21.836i
  2.80  +17.1162  -17.4035 595.8452 +13378.8280 +127777.2040  +7.8452 +12.0453   +40.436 -25.328i
  3.00  +22.0391  -28.0733 1273.8321 +217471.2370 +401791.0773 +12.3069 +15.9496   +42.955 -29.557i
--- double bubble from first peak, conjugate direction: c3=-0.349489, from tau=1.1850 along (-0-1j)*t
   t      Re a      Im a     |a|^2    Re I      Im I      Re N     Im N    R (complex)
  0.25   +0.7520   +0.0031   0.5656   -3.4723   +1.4982  +0.5537  -0.1827   +20.281  +2.421i
  0.50   +0.8553   +0.0245   0.7322   -3.6316   +3.4304  +0.5566  -0.3819   +21.372  +4.618i
  0.75   +1.0526   +0.0831   1.1148   -4.0546   +6.1702  +0.5690  -0.6181   +22.948  +6.402i
  1.00   +1.3801   +0.2013   1.9451   -6.7431   +9.1813  +0.6030  -0.9190   +24.682  +7.830i
  1.25   +1.8896   +0.4158   3.7433  -22.2620  +12.2148  +0.6776  -1.3233   +26.419  +9.161i
  1.50   +2.6559   +0.7938   7.6838  -77.6893   +8.3399  +0.8244  -1.8851   +28.189 +10.622i
--- perturbed sphere c3=-1/6+0.001 from its peak (tau_p=1.5743): c3=-0.16566666666666666, from tau=1.5743 along 1j*t
   t      Re a      Im a     |a|^2    Re I      Im I      Re N     Im N    R (complex)
  0.50   +1.1302   +0.0001   1.2773   -3.6651   -2.6232  +1.0046  +0.5224   +11.948  +0.018i
  1.00   +1.5451   +0.0010   2.3873   -3.6489   -7.3049  +1.0044  +1.1777   +11.937  +0.030i
  1.50   +2.3521   +0.0035   5.5322   -3.5795  -20.3523  +1.0033  +2.1323   +11.923  +0.039i
  2.00   +3.7551   +0.0092  14.1006   -3.3102  -67.5839  +1.0003  +3.6283   +11.909  +0.046i
  2.50   +6.1084   +0.0215  37.3135   -2.6268 -260.7510  +0.9930  +6.0444   +11.894  +0.054i
  3.00  +10.0057   +0.0470 100.1153   -4.7939 -1089.8823  +0.9767  +9.9919   +11.876  +0.063i
--- perturbed sphere c3=-1/6+-0.001 from its peak (tau_p=1.5674): c3=-0.16766666666666666, from tau=1.5674 along 1j*t
   t      Re a      Im a     |a|^2    Re I      Im I      Re N     Im N    R (complex)
  0.50   +1.1251   -0.0001   1.2658   -3.6682   -2.6338  +0.9954  +0.5198   +12.052  -0.018i
  1.00   +1.5411   -0.0010   2.3750   -3.6843   -7.3762  +0.9957  +1.1727   +12.063  -0.030i
  1.50   +2.3528   -0.0035   5.5356   -3.7531  -20.7930  +0.9967  +2.1263   +12.077  -0.039i
  2.00   +3.7694   -0.0093  14.2082   -4.0130  -70.2389  +0.9997  +3.6255   +12.091  -0.047i
  2.50   +6.1562   -0.0216  37.8997   -4.5499 -276.4532  +1.0071  +6.0560   +12.106  -0.055i
  3.00  +10.1300   -0.0476 102.6187   -0.4911 -1180.8033  +1.0236 +10.0440   +12.124  -0.064i
