=== target q1=4.0, R1=12.0
  seed c3=-0.1667 tau=1.571+1.317j -> conv c3=-0.16667+0.00000j tau1=1.57080+1.31696j  a=2.0000+0.0000j  R=12.0000+0.0000j  N=1.0000+1.7321j  I_loc=-3.6667-13.8564j  Gamma(C=1)=-0.0000+0.0000j  Re I=-3.6667
  seed c3=-0.3495 tau=1.185+0.800j -> conv c3=-0.16667+0.00000j tau1=1.57080+1.31696j  a=2.0000+0.0000j  R=12.0000-0.0000j  N=1.0000+1.7321j  I_loc=-3.6667-13.8564j  Gamma(C=1)=-0.0000+0.0000j  Re I=-3.6667
  seed c3=-0.3495 tau=1.185+1.000j -> conv c3=-0.16667+0.00000j tau1=1.57080+1.31696j  a=2.0000-0.0000j  R=12.0000-0.0000j  N=1.0000+1.7321j  I_loc=-3.6667-13.8564j  Gamma(C=1)=-0.0000+0.0000j  Re I=-3.6667
  seed c3=-0.3495 tau=1.185+1.200j -> conv c3=-0.16667+0.00000j tau1=1.57080+1.31696j  a=2.0000+0.0000j  R=12.0000+0.0000j  N=1.0000+1.7321j  I_loc=-3.6667-13.8564j  Gamma(C=1)=-0.0000+0.0000j  Re I=-3.6667
  seed c3=-0.3495 tau=1.185+1.400j -> conv c3=-0.16667+0.00000j tau1=1.57080+1.31696j  a=2.0000-0.0000j  R=12.0000+0.0000j  N=1.0000+1.7321j  I_loc=-3.6667-13.8564j  Gamma(C=1)=-0.0000+0.0000j  Re I=-3.6667
=== target q1=4.0, R1=20.0
  seed c3=-0.1667 tau=1.571+1.317j -> conv c3=-0.24824-0.03924j tau1=1.26984+1.19625j  a=2.0000-0.0000j  R=20.0000-0.0000j  N=0.6829+1.4194j  I_loc=-3.1332-25.1984j  Gamma(C=1)=2.6719+2.9685j  Re I=-0.4613
  seed c3=-0.3495 tau=1.185+0.800j -> conv c3=-0.24824-0.03924j tau1=1.26984+1.19625j  a=2.0000-0.0000j  R=20.0000+0.0000j  N=0.6829+1.4194j  I_loc=-3.1332-25.1984j  Gamma(C=1)=2.6719+2.9685j  Re I=-0.4613
  seed c3=-0.3495 tau=1.185+1.000j -> conv c3=-0.24824-0.03924j tau1=1.26984+1.19625j  a=2.0000-0.0000j  R=20.0000-0.0000j  N=0.6829+1.4194j  I_loc=-3.1332-25.1984j  Gamma(C=1)=2.6719+2.9685j  Re I=-0.4613
  seed c3=-0.3495 tau=1.185+1.200j -> conv c3=-0.24824-0.03924j tau1=1.26984+1.19625j  a=2.0000-0.0000j  R=20.0000-0.0000j  N=0.6829+1.4194j  I_loc=-3.1332-25.1984j  Gamma(C=1)=2.6719+2.9685j  Re I=-0.4613
  seed c3=-0.3495 tau=1.185+1.400j -> conv c3=-0.24824-0.03924j tau1=1.26984+1.19625j  a=2.0000+0.0000j  R=20.0000-0.0000j  N=0.6829+1.4194j  I_loc=-3.1332-25.1984j  Gamma(C=1)=2.6719+2.9685j  Re I=-0.4613
=== target q1=1.0, R1=12.0
  seed c3=-0.1667 tau=1.571+0.000j -> conv c3=-0.16667+0.00000j tau1=1.57080+0.00000j  a=1.0000+0.0000j  R=12.0000+0.0000j  N=1.0000+0.0000j  I_loc=-3.6667+0.0000j  Gamma(C=1)=0.0000+0.0000j  Re I=-3.6667
  seed c3=-0.3495 tau=1.185+0.800j -> conv c3=-0.16667+0.00000j tau1=1.57080+0.00003j  a=1.0000-0.0000j  R=12.0000-0.0000j  N=1.0000+0.0000j  I_loc=-3.6667-0.0001j  Gamma(C=1)=0.0000+0.0000j  Re I=-3.6667
  seed c3=-0.3495 tau=1.185+1.000j -> conv c3=-0.16667+0.00000j tau1=1.57080+0.00002j  a=1.0000-0.0000j  R=12.0000-0.0000j  N=1.0000+0.0000j  I_loc=-3.6667-0.0001j  Gamma(C=1)=0.0000+0.0000j  Re I=-3.6667
  seed c3=-0.3495 tau=1.185+1.200j -> conv c3=-0.16667-0.00000j tau1=1.57080+0.00002j  a=1.0000-0.0000j  R=12.0000+0.0000j  N=1.0000+0.0000j  I_loc=-3.6667-0.0001j  Gamma(C=1)=0.0000-0.0000j  Re I=-3.6667
  seed c3=-0.3495 tau=1.185+1.400j -> conv c3=-0.16667+0.00000j tau1=1.57080+0.00003j  a=1.0000-0.0000j  R=12.0000-0.0000j  N=1.0000+0.0000j  I_loc=-3.6667-0.0001j  Gamma(C=1)=0.0000+0.0000j  Re I=-3.6667
=== target q1=0.312, R1=8.47
  seed c3=-0.1667 tau=0.593+0.000j -> conv c3=-0.11613+0.00000j tau1=0.58122+0.00000j  a=0.5586+0.0000j  R=8.4700+0.0000j  N=0.1656+0.0000j  I_loc=-0.2866+0.0000j  Gamma(C=1)=0.0031+0.0000j  Re I=-0.2836
  seed c3=-0.3495 tau=1.185+0.800j -> conv c3=-0.38023+0.00000j tau1=1.99775+0.00000j  a=0.5586+0.0000j  R=8.4700+0.0000j  N=1.0491+0.0000j  I_loc=-5.1060-0.0000j  Gamma(C=1)=-1.0159+0.0000j  Re I=-6.1219
  seed c3=-0.3495 tau=1.185+1.000j -> conv c3=-0.38023+0.00000j tau1=1.99775+0.00000j  a=0.5586+0.0000j  R=8.4700+0.0000j  N=1.0491+0.0000j  I_loc=-5.1060-0.0000j  Gamma(C=1)=-1.0159+0.0000j  Re I=-6.1219
  seed c3=-0.3495 tau=1.185+1.200j -> conv c3=-0.38023-0.00000j tau1=1.99775-0.00000j  a=0.5586-0.0000j  R=8.4700-0.0000j  N=1.0491-0.0000j  I_loc=-5.1060+0.0000j  Gamma(C=1)=-1.0159-0.0000j  Re I=-6.1219
  seed c3=-0.3495 tau=1.185+1.400j -> conv c3=-0.38023+0.00000j tau1=1.99775+0.00000j  a=0.5586+0.0000j  R=8.4700+0.0000j  N=1.0491+0.0000j  I_loc=-5.1060-0.0000j  Gamma(C=1)=-1.0159+0.0000j  Re I=-6.1219
