=== sphere -> open de Sitter (expect a=sinh t, R=12)
   t      a=Im b       Re b (should be 0)   H=adot/a    addot/a     R
   0.5      0.52110 +0.0e+00          +2.16395   +1.00000   +12.0000-0.0e+00i
   1.0      1.17520 +0.0e+00          +1.31304   +1.00000   +12.0000-0.0e+00i
   1.5      2.12928 +0.0e+00          +1.10479   +1.00000   +12.0000-0.0e+00i
   2.0      3.62686 +0.0e+00          +1.03731   +1.00000   +12.0000-0.0e+00i
   2.5      6.05020 +0.0e+00          +1.01357   +1.00000   +12.0000-0.0e+00i
   3.0     10.01787 +0.0e+00          +1.00497   +1.00000   +12.0000-0.0e+00i
   3.5     16.54263 +0.0e+00          +1.00183   +1.00000   +12.0000-0.0e+00i
   4.0     27.28992 +0.0e+00          +1.00067   +1.00000   +12.0000-0.0e+00i
   4.5     45.00301 +0.0e+00          +1.00025   +1.00000   +12.0000-0.0e+00i
   5.0     74.20321 +0.0e+00          +1.00009   +1.00000   +12.0000-0.0e+00i
   5.5    122.34392 +0.0e+00          +1.00003   +1.00000   +12.0000-0.0e+00i
   6.0    201.71316 +0.0e+00          +1.00001   +1.00000   +12.0000-0.0e+00i
   6.5    332.57006 +0.0e+00          +1.00000   +1.00000   +12.0000-0.0e+00i
   7.0    548.31612 +0.0e+00          +1.00000   +1.00000   +12.0000-0.0e+00i
   7.5    904.02093 +0.0e+00          +1.00000   +1.00000   +12.0000-0.0e+00i
   8.0   1490.47883 +0.0e+00          +1.00000   +1.00000   +12.0000-0.0e+00i
   8.5   2457.38432 +0.0e+00          +1.00000   +1.00000   +12.0000-0.0e+00i
   9.0   4051.54190 +0.0e+00          +1.00000   +1.00000   +12.0000-0.0e+00i
   9.5   6679.86338 +0.0e+00          +1.00000   +1.00000   +12.0000-0.0e+00i
   ended at t=9.903, status=1, |a|=1.000e+04
   accelerating (addot>0) from t=0.002 to t=9.903; ln(a2/a1)=15.425 e-folds
=== double bubble (eps=1)
   t      a=Im b       Re b (should be 0)   H=adot/a    addot/a     R
   0.5      0.54547 +0.0e+00          +2.34678   +2.18982   +26.0175-0.0e+00i
   1.0      1.41050 +0.0e+00          +1.67661   +2.44299   +28.5083-0.0e+00i
   1.5      3.20290 +0.0e+00          +1.64346   +2.82721   +32.5842-0.0e+00i
   2.0      7.46151 +0.0e+00          +1.75286   +3.36451   +38.5143-0.0e+00i
   2.5     18.68457 +0.0e+00          +1.92897   +4.13486   +47.1176-0.0e+00i
   3.0     51.93008 +0.0e+00          +2.17296   +5.29402   +60.0923-0.0e+00i
   3.5    166.83822 +0.0e+00          +2.51620   +7.15287   +80.9047-0.0e+00i
   4.0    660.70269 +0.0e+00          +3.02494   +10.40781   +117.3486-0.0e+00i
   4.5   3613.88874 +0.0e+00          +3.84353   +16.89991   +190.0359-0.0e+00i
   ended at t=4.746, status=1, |a|=1.000e+04
   accelerating (addot>0) from t=0.002 to t=4.746; ln(a2/a1)=15.425 e-folds
