q1=0.4: solved 2881 of 2891 grid points
   c3      tau1 (complex)          N (complex)              Re I      Im I     R1 (complex)        K1=a'/a
 -0.4600  +0.9939+0.0000i   +0.3970+0.0000i     -2.8733   +0.0000    +25.501  +0.000i   +0.1135+0.0000i
 -0.4400  +0.9116+0.0000i   +0.3480+0.0000i     -2.2927   +0.0000    +26.031  +0.000i   +0.3005+0.0000i
 -0.4200  +0.8697+0.0000i   +0.3239+0.0000i     -1.9718   +0.0000    +25.716  +0.000i   +0.4188+0.0000i
 -0.4000  +0.8396+0.0000i   +0.3070+0.0000i     -1.7317   +0.0000    +25.115  +0.000i   +0.5151+0.0000i
 -0.3800  +0.8157+0.0000i   +0.2938+0.0000i     -1.5364   +0.0000    +24.347  +0.000i   +0.5993+0.0000i
 -0.3600  +0.7959+0.0000i   +0.2830+0.0000i     -1.3709   +0.0000    +23.464  +0.000i   +0.6753+0.0000i
 -0.3400  +0.7787+0.0000i   +0.2738+0.0000i     -1.2273   +0.0000    +22.492  +0.000i   +0.7455+0.0000i
 -0.3200  +0.7637+0.0000i   +0.2658+0.0000i     -1.1011   +0.0000    +21.451  +0.000i   +0.8110+0.0000i
 -0.3000  +0.7502+0.0000i   +0.2588+0.0000i     -0.9890   +0.0000    +20.352  +0.000i   +0.8729+0.0000i
 -0.2800  +0.7380+0.0000i   +0.2524+0.0000i     -0.8889   +0.0000    +19.203  +0.000i   +0.9317+0.0000i
 -0.2600  +0.7269+0.0000i   +0.2467+0.0000i     -0.7994   +0.0000    +18.011  +0.000i   +0.9879+0.0000i
 -0.2400  +0.7166+0.0000i   +0.2414+0.0000i     -0.7190   +0.0000    +16.780  +0.000i   +1.0419+0.0000i
 -0.2200  +0.7071+0.0000i   +0.2366+0.0000i     -0.6471   +0.0000    +15.516  +0.000i   +1.0940+0.0000i
 -0.2000  +0.6983+0.0000i   +0.2322+0.0000i     -0.5827   +0.0000    +14.221  +0.000i   +1.1443+0.0000i
 -0.1800  +0.6900+0.0000i   +0.2280+0.0000i     -0.5254   +0.0000    +12.897  +0.000i   +1.1930+0.0000i
 -0.1600  +0.6822+0.0000i   +0.2241+0.0000i     -0.4746   +0.0000    +11.547  +0.000i   +1.2404+0.0000i
 -0.1400  +0.6748+0.0000i   +0.2205+0.0000i     -0.4299   +0.0000    +10.174  +0.000i   +1.2865+0.0000i
 -0.1200  +0.6679+0.0000i   +0.2171+0.0000i     -0.3910   +0.0000     +8.777  +0.000i   +1.3314+0.0000i
 -0.1000  +0.6612+0.0000i   +0.2139+0.0000i     -0.3575   +0.0000     +7.360  +0.000i   +1.3753+0.0000i
 -0.0800  +0.6549+0.0000i   +0.2108+0.0000i     -0.3292   +0.0000     +5.924  +0.000i   +1.4181+0.0000i
 -0.0600  +0.6489+0.0000i   +0.2079+0.0000i     -0.3060   +0.0000     +4.468  +0.000i   +1.4601+0.0000i
 -0.0400  +0.6432+0.0000i   +0.2051+0.0000i     -0.2875   +0.0000     +2.995  +0.000i   +1.5012+0.0000i
 -0.0200  +0.6377+0.0000i   +0.2025+0.0000i     -0.2736   +0.0000     +1.506  +0.000i   +1.5416+0.0000i
 +0.0000  +0.6325+0.0000i   +0.2000+0.0000i     -0.2641   +0.0000     +0.000  +0.000i   +1.5811+0.0000i
 +0.0200  +0.6274+0.0000i   +0.1976+0.0000i     -0.2590   +0.0000     -1.521  +0.000i   +1.6200+0.0000i
smallest |dI/dc3| on grid (candidate critical points), with Cauchy-Riemann residual:
  c3=+0.0200+0.0000i |dI/dc3|=2.044e-01 CR=5.27e-02  N=0.1976+0.0000j I=-0.2590+0.0000j R1=-1.521+0.000j
  c3=+0.0200-0.0100i |dI/dc3|=2.292e-01 CR=5.27e-02  N=0.1976+0.0012j I=-0.2584-0.0015j R1=-1.519+0.764j
  c3=+0.0200+0.0100i |dI/dc3|=2.292e-01 CR=5.27e-02  N=0.1976-0.0012j I=-0.2584+0.0015j R1=-1.519-0.764j
  c3=+0.0100+0.0000i |dI/dc3|=2.574e-01 CR=5.30e-04  N=0.1988+0.0000j I=-0.2610+0.0000j R1=-0.758+0.000j
  c3=+0.0100-0.0100i |dI/dc3|=2.776e-01 CR=5.30e-04  N=0.1988+0.0012j I=-0.2605-0.0026j R1=-0.757+0.760j
  c3=+0.0100+0.0100i |dI/dc3|=2.776e-01 CR=5.30e-04  N=0.1988-0.0012j I=-0.2605+0.0026j R1=-0.757-0.760j
  c3=+0.0200+0.0200i |dI/dc3|=2.910e-01 CR=5.26e-02  N=0.1975-0.0023j I=-0.2569+0.0030j R1=-1.513-1.528j
  c3=+0.0200-0.0200i |dI/dc3|=2.910e-01 CR=5.26e-02  N=0.1975+0.0023j I=-0.2569-0.0030j R1=-1.513+1.528j
