q1=4.0: solved 2890 of 2891 grid points
   c3      tau1 (complex)          N (complex)              Re I      Im I     R1 (complex)        K1=a'/a
 -0.5600  +0.7716+1.1185i   +0.1650+1.0657i    -47.4821  -58.8067    +47.719 -18.927i   -0.3779-1.9006i
 -0.5400  +0.7890+1.1292i   +0.1769+1.0864i    -43.5267  -55.1010    +45.685 -17.847i   -0.3644-1.8563i
 -0.5200  +0.8075+1.1402i   +0.1899+1.1081i    -39.6829  -51.5522    +43.666 -16.775i   -0.3505-1.8113i
 -0.5000  +0.8272+1.1515i   +0.2042+1.1309i    -35.9573  -48.1657    +41.664 -15.712i   -0.3363-1.7656i
 -0.4800  +0.8481+1.1632i   +0.2198+1.1549i    -32.3584  -44.9463    +39.679 -14.658i   -0.3216-1.7192i
 -0.4600  +0.8706+1.1751i   +0.2370+1.1802i    -28.8965  -41.8973    +37.712 -13.613i   -0.3065-1.6719i
 -0.4400  +0.8946+1.1873i   +0.2560+1.2069i    -25.5830  -39.0203    +35.765 -12.578i   -0.2910-1.6238i
 -0.4200  +0.9205+1.1999i   +0.2771+1.2350i    -22.4301  -36.3135    +33.838 -11.553i   -0.2749-1.5749i
 -0.4000  +0.9484+1.2126i   +0.3005+1.2648i    -19.4485  -33.7717    +31.932 -10.539i   -0.2582-1.5250i
 -0.3800  +0.9785+1.2256i   +0.3268+1.2962i    -16.6446  -31.3865    +30.049  -9.537i   -0.2409-1.4742i
 -0.3600  +1.0113+1.2388i   +0.3562+1.3295i    -14.0164  -29.1499    +28.190  -8.548i   -0.2230-1.4224i
 -0.3400  +1.0470+1.2519i   +0.3895+1.3646i    -11.5514  -27.0637    +26.358  -7.572i   -0.2043-1.3696i
 -0.3200  +1.0860+1.2650i   +0.4272+1.4017i     -9.2334  -25.1545    +24.553  -6.611i   -0.1847-1.3157i
 -0.3000  +1.1290+1.2778i   +0.4702+1.4408i     -7.0682  -23.4874    +22.779  -5.666i   -0.1643-1.2607i
 -0.2800  +1.1763+1.2900i   +0.5195+1.4819i     -5.1355  -22.1539    +21.038  -4.740i   -0.1428-1.2045i
 -0.2600  +1.2288+1.3013i   +0.5764+1.5248i     -3.6353  -21.1920    +19.334  -3.834i   -0.1203-1.1472i
 -0.2400  +1.2873+1.3110i   +0.6424+1.5693i     -2.8350  -20.4402    +17.670  -2.951i   -0.0966-1.0888i
 -0.2200  +1.3528+1.3185i   +0.7196+1.6148i     -2.8346  -19.4757    +16.051  -2.096i   -0.0717-1.0294i
 -0.2000  +1.4264+1.3225i   +0.8103+1.6604i     -3.3180  -17.8586    +14.483  -1.274i   -0.0456-0.9689i
 -0.1800  +1.5094+1.3215i   +0.9175+1.7046i     -3.6886  -15.5587    +12.972  -0.493i   -0.0185-0.9074i
 -0.1600  +1.6035+1.3132i   +1.0450+1.7449i     -3.5706  -13.0169    +11.526  +0.237i   +0.0093-0.8452i
 -0.1400  +1.7103+1.2947i   +1.1977+1.7777i     -3.0626  -10.7189    +10.153  +0.900i   +0.0370-0.7820i
 -0.1200  +1.8321+1.2613i   +1.3821+1.7976i     -2.4965   -8.8480     +8.864  +1.475i   +0.0632-0.7176i
 -0.1000  +1.9719+1.2065i   +1.6082+1.7956i     -2.1306   -7.3310     +7.668  +1.930i   +0.0854-0.6505i
 -0.0800  +2.1349+1.1187i   +1.8939+1.7545i     -2.0851   -6.0232     +6.577  +2.212i   +0.0994-0.5769i
 -0.0600  +2.3321+0.9723i   +2.2773+1.6314i     -2.4423   -4.7741     +5.609  +2.231i   +0.0968-0.4860i
 -0.0400  +2.5912+0.6769i   +2.8588+1.2492i     -3.4239   -3.1987     +4.816  +1.717i   +0.0590-0.3348i
 -0.0200  +2.2935-0.0000i   +2.4721+0.0000i     -2.3482   +0.0000     +2.494  +0.000i   +0.2835+0.0000i
 +0.0000  +2.0000-0.0000i   +2.0000+0.0000i     -1.6667   +0.0000     +0.000  +0.000i   +0.5000+0.0000i
 +0.0200  +1.8450-0.0000i   +1.7688+0.0000i     -1.9598   +0.0000     -2.227  +0.000i   +0.6435+0.0000i
smallest |dI/dc3| on grid (candidate critical points), with Cauchy-Riemann residual:
  c3=+0.0000+0.0000i |dI/dc3|=3.852e+00 CR=2.77e+00  N=2.0000+0.0000j I=-1.6667+0.0000j R1=0.000+0.000j
  c3=-0.0900+0.0700i |dI/dc3|=4.447e+00 CR=4.17e+00  N=1.4124+2.8163j I=-4.0988-5.9168j R1=5.005-0.759j
  c3=-0.0600+0.0500i |dI/dc3|=4.675e+00 CR=1.45e+00  N=2.0658+2.8321j I=-3.7607-5.7692j R1=5.080+0.907j
  c3=-0.0500+0.0500i |dI/dc3|=7.477e+00 CR=1.75e+00  N=2.2395+2.9803j I=-3.7330-5.7754j R1=4.937+1.191j
  c3=-0.0600+0.0400i |dI/dc3|=8.748e+00 CR=1.81e+00  N=2.1904+2.6413j I=-3.7091-5.7523j R1=5.343+1.091j
  c3=-0.0900+0.0600i |dI/dc3|=1.044e+01 CR=3.00e+00  N=1.5034+2.6824j I=-4.0520-5.9567j R1=5.470-0.438j
  c3=-0.0700+0.0500i |dI/dc3|=1.087e+01 CR=1.44e+00  N=1.8957+2.7171j I=-3.7967-5.8439j R1=5.283+0.600j
  c3=-0.0600+0.0600i |dI/dc3|=1.093e+01 CR=9.61e-01  N=1.9365+2.9902j I=-3.8018-5.7047j R1=4.756+0.747j
