# eps=1.0: cuts at extrema of a along real caps; I = corrected action from pole to the cut (per a_anom), q1=a^2, R = scalar curvature at the cut
#  c3        | peak: tau      a       a'''     R       I_peak   N_peak  | neck: tau     a       a'''     R       I_neck   N_neck
-0.60000 | 0.9521 0.5610 +2.8026 +29.763 -3.13594 0.3508 | 1.4836 0.5108 +2.2768 +11.251 -5.71493 0.6356  closed nex=3
-0.59000 | 0.9588 0.5654 +2.7377 +29.381 -3.14614 0.3559 | 1.4995 0.5134 +2.2014 +11.078 -5.73248 0.6476  closed nex=3
-0.58000 | 0.9656 0.5699 +2.6728 +28.999 -3.15645 0.3611 | 1.5159 0.5160 +2.1255 +10.907 -5.74993 0.6600  closed nex=3
-0.57000 | 0.9725 0.5746 +2.6080 +28.615 -3.16687 0.3666 | 1.5328 0.5186 +2.0490 +10.740 -5.76728 0.6728  closed nex=3
-0.56000 | 0.9796 0.5794 +2.5431 +28.231 -3.17741 0.3722 | 1.5502 0.5212 +1.9719 +10.575 -5.78456 0.6862  closed nex=3
-0.55000 | 0.9869 0.5843 +2.4782 +27.846 -3.18805 0.3780 | 1.5681 0.5238 +1.8941 +10.413 -5.80177 0.7000  closed nex=3
-0.54000 | 0.9944 0.5893 +2.4133 +27.460 -3.19882 0.3839 | 1.5866 0.5264 +1.8156 +10.254 -5.81894 0.7144  closed nex=3
-0.53000 | 1.0021 0.5944 +2.3485 +27.073 -3.20969 0.3901 | 1.6057 0.5290 +1.7363 +10.099 -5.83608 0.7293  closed nex=3
-0.52000 | 1.0099 0.5997 +2.2836 +26.686 -3.22068 0.3965 | 1.6255 0.5316 +1.6561 +9.947 -5.85322 0.7448  closed nex=3
-0.51000 | 1.0180 0.6052 +2.2188 +26.297 -3.23178 0.4031 | 1.6459 0.5341 +1.5750 +9.800 -5.87039 0.7609  closed nex=3
-0.50000 | 1.0262 0.6108 +2.1539 +25.907 -3.24300 0.4100 | 1.6670 0.5366 +1.4928 +9.657 -5.88762 0.7777  closed nex=3
-0.49000 | 1.0347 0.6165 +2.0891 +25.517 -3.25433 0.4171 | 1.6889 0.5390 +1.4096 +9.518 -5.90496 0.7951  closed nex=3
-0.48000 | 1.0434 0.6225 +2.0243 +25.125 -3.26577 0.4244 | 1.7116 0.5414 +1.3250 +9.385 -5.92243 0.8133  closed nex=3
-0.47000 | 1.0524 0.6286 +1.9594 +24.732 -3.27732 0.4320 | 1.7351 0.5438 +1.2391 +9.258 -5.94011 0.8323  closed nex=3
-0.46000 | 1.0616 0.6348 +1.8946 +24.339 -3.28899 0.4400 | 1.7594 0.5460 +1.1516 +9.136 -5.95803 0.8521  closed nex=3
-0.45000 | 1.0711 0.6413 +1.8298 +23.944 -3.30077 0.4482 | 1.7848 0.5482 +1.0624 +9.022 -5.97626 0.8728  closed nex=3
-0.44000 | 1.0809 0.6480 +1.7650 +23.547 -3.31265 0.4568 | 1.8110 0.5502 +0.9712 +8.915 -5.99487 0.8944  closed nex=3
-0.43000 | 1.0909 0.6549 +1.7003 +23.150 -3.32464 0.4657 | 1.8384 0.5521 +0.8779 +8.816 -6.01394 0.9170  closed nex=3
-0.42000 | 1.1013 0.6621 +1.6355 +22.752 -3.33674 0.4750 | 1.8668 0.5538 +0.7822 +8.727 -6.03356 0.9406  closed nex=3
-0.41000 | 1.1120 0.6694 +1.5707 +22.352 -3.34894 0.4847 | 1.8965 0.5554 +0.6836 +8.648 -6.05381 0.9653  closed nex=3
-0.40000 | 1.1231 0.6771 +1.5060 +21.950 -3.36124 0.4948 | 1.9274 0.5567 +0.5820 +8.581 -6.07481 0.9912  closed nex=3
-0.39000 | 1.1345 0.6850 +1.4412 +21.548 -3.37364 0.5053 | 1.9596 0.5578 +0.4767 +8.527 -6.09667 1.0184  closed nex=3
-0.38000 | 1.1463 0.6932 +1.3765 +21.144 -3.38614 0.5164 | 1.9933 0.5586 +0.3673 +8.489 -6.11952 1.0469  closed nex=3
-0.37000 | 1.1585 0.7017 +1.3118 +20.738 -3.39872 0.5280 | 2.0285 0.5590 +0.2530 +8.468 -6.14349 1.0767  closed nex=3
-0.36000 | 1.1712 0.7105 +1.2471 +20.331 -3.41140 0.5401 | 2.0653 0.5590 +0.1331 +8.468 -6.16874 1.1081  closed nex=3
-0.35950 | 1.1718 0.7109 +1.2439 +20.310 -3.41203 0.5407 | 2.0672 0.5590 +0.1270 +8.469 -6.17004 1.1097  closed nex=3
-0.35797 | 1.1738 0.7123 +1.2340 +20.248 -3.41397 0.5426 | 2.0730 0.5589 +0.1081 +8.471 -6.17403 1.1147  closed nex=3
-0.35645 | 1.1758 0.7137 +1.2241 +20.186 -3.41592 0.5445 | 2.0788 0.5589 +0.0890 +8.474 -6.17805 1.1196  closed nex=3
-0.35492 | 1.1778 0.7151 +1.2142 +20.123 -3.41786 0.5465 | 2.0847 0.5588 +0.0698 +8.477 -6.18210 1.1247  closed nex=3
-0.35340 | 1.1798 0.7165 +1.2044 +20.061 -3.41981 0.5484 | 2.0906 0.5587 +0.0504 +8.481 -6.18620 1.1297  closed nex=3
-0.35187 | 1.1818 0.7179 +1.1945 +19.999 -3.42176 0.5504 | 2.0965 0.5586 +0.0309 +8.485 -6.19032 1.1348  closed nex=3
-0.35035 | 1.1838 0.7193 +1.1846 +19.936 -3.42371 0.5524 | 2.1025 0.5585 +0.0112 +8.491 -6.19449 1.1399  closed nex=3
-0.34882 | 1.1859 0.7208 +1.1748 +19.874 -3.42566 0.5544 | 2.1085 0.5584 -0.0087 +8.496 -6.19869 1.1451  closed nex=3
-0.34729 | 1.1879 0.7222 +1.1649 +19.811 -3.42761 0.5564 | 2.1146 0.5583 -0.0288 +8.503 -6.20293 1.1503  closed nex=5
-0.34577 | 1.1900 0.7237 +1.1550 +19.748 -3.42957 0.5584 | 2.1207 0.5581 -0.0491 +8.510 -6.20721 1.1555  closed nex=3
-0.34424 | 1.1921 0.7251 +1.1452 +19.686 -3.43153 0.5604 | 2.1269 0.5580 -0.0696 +8.518 -6.21153 1.1608  closed nex=5
-0.34272 | 1.1942 0.7266 +1.1353 +19.623 -3.43348 0.5625 | 2.1331 0.5578 -0.0903 +8.526 -6.21589 1.1661  closed nex=5
-0.34119 | 1.1963 0.7281 +1.1254 +19.560 -3.43545 0.5646 | 2.1394 0.5576 -0.1112 +8.536 -6.22030 1.1715  closed nex=5
-0.33967 | 1.1984 0.7295 +1.1156 +19.498 -3.43741 0.5667 | 2.1457 0.5574 -0.1323 +8.546 -6.22474 1.1769  closed nex=5
-0.33814 | 1.2005 0.7310 +1.1057 +19.435 -3.43937 0.5688 | 2.1520 0.5572 -0.1536 +8.557 -6.22923 1.1824  closed nex=5
-0.33662 | 1.2027 0.7325 +1.0958 +19.372 -3.44134 0.5709 | 2.1584 0.5570 -0.1752 +8.568 -6.23375 1.1879  closed nex=5
-0.33509 | 1.2048 0.7341 +1.0860 +19.309 -3.44331 0.5730 | 2.1649 0.5567 -0.1969 +8.581 -6.23833 1.1934  closed nex=5
-0.33356 | 1.2070 0.7356 +1.0761 +19.246 -3.44527 0.5752 | 2.1713 0.5565 -0.2190 +8.594 -6.24295 1.1990  closed nex=5
-0.33204 | 1.2092 0.7371 +1.0662 +19.183 -3.44725 0.5774 | 2.1779 0.5562 -0.2412 +8.609 -6.24761 1.2046  closed nex=5
-0.33051 | 1.2113 0.7386 +1.0564 +19.120 -3.44922 0.5796 | 2.1845 0.5559 -0.2637 +8.624 -6.25232 1.2102  closed nex=5
-0.32899 | 1.2136 0.7402 +1.0465 +19.057 -3.45119 0.5818 | 2.1911 0.5556 -0.2865 +8.640 -6.25708 1.2159  closed nex=7
-0.32746 | 1.2158 0.7418 +1.0367 +18.994 -3.45317 0.5840 | 2.1978 0.5552 -0.3096 +8.657 -6.26188 1.2217  closed nex=5
-0.32594 | 1.2180 0.7433 +1.0268 +18.931 -3.45514 0.5862 | 2.2045 0.5549 -0.3329 +8.675 -6.26673 1.2275  closed nex=5
-0.32441 | 1.2202 0.7449 +1.0169 +18.868 -3.45712 0.5885 | 2.2113 0.5545 -0.3565 +8.694 -6.27164 1.2333  closed nex=5
-0.32288 | 1.2225 0.7465 +1.0071 +18.804 -3.45910 0.5908 | 2.2181 0.5541 -0.3804 +8.714 -6.27659 1.2392  closed nex=5
-0.32136 | 1.2248 0.7481 +0.9972 +18.741 -3.46108 0.5931 | 2.2250 0.5537 -0.4046 +8.735 -6.28159 1.2451  closed nex=7
-0.31983 | 1.2271 0.7497 +0.9873 +18.678 -3.46306 0.5954 | 2.2320 0.5532 -0.4291 +8.757 -6.28665 1.2511  closed nex=5
-0.31831 | 1.2294 0.7513 +0.9775 +18.614 -3.46505 0.5977 | 2.2390 0.5528 -0.4540 +8.781 -6.29176 1.2571  closed nex=5
-0.31678 | 1.2317 0.7530 +0.9676 +18.551 -3.46703 0.6001 | 2.2460 0.5523 -0.4792 +8.806 -6.29692 1.2632  closed nex=5
-0.31526 | 1.2340 0.7546 +0.9578 +18.487 -3.46902 0.6025 | 2.2531 0.5518 -0.5047 +8.831 -6.30214 1.2693  closed nex=5
-0.31373 | 1.2364 0.7563 +0.9479 +18.424 -3.47101 0.6049 | 2.2603 0.5513 -0.5306 +8.858 -6.30741 1.2754  closed nex=5
-0.31221 | 1.2387 0.7579 +0.9380 +18.360 -3.47300 0.6073 | 2.2675 0.5507 -0.5568 +8.887 -6.31274 1.2816  closed nex=5
-0.31068 | 1.2411 0.7596 +0.9282 +18.297 -3.47499 0.6097 | 2.2747 0.5502 -0.5834 +8.917 -6.31812 1.2879  closed nex=5
-0.30915 | 1.2435 0.7613 +0.9183 +18.233 -3.47698 0.6122 | 2.2820 0.5496 -0.6104 +8.948 -6.32357 1.2942  closed nex=5
-0.30763 | 1.2459 0.7630 +0.9085 +18.169 -3.47897 0.6147 | 2.2894 0.5490 -0.6379 +8.980 -6.32907 1.3005  closed nex=5
-0.30610 | 1.2483 0.7647 +0.8986 +18.105 -3.48096 0.6172 | 2.2969 0.5483 -0.6657 +9.014 -6.33463 1.3069  closed nex=5
-0.30458 | 1.2507 0.7665 +0.8888 +18.042 -3.48296 0.6197 | 2.3043 0.5476 -0.6940 +9.050 -6.34025 1.3133  closed nex=7
-0.30305 | 1.2532 0.7682 +0.8789 +17.978 -3.48496 0.6222 | 2.3119 0.5469 -0.7227 +9.087 -6.34593 1.3198  closed nex=5
-0.30153 | 1.2556 0.7699 +0.8690 +17.914 -3.48695 0.6248 | 2.3195 0.5462 -0.7519 +9.126 -6.35168 1.3264  closed nex=7
-0.30000 | 1.2581 0.7717 +0.8592 +17.850 -3.48895 0.6274 | 2.3272 0.5455 -0.7816 +9.167 -6.35749 1.3329  closed nex=5
-0.30000 | 1.2581 0.7717 +0.8592 +17.850 -3.48895 0.6274 | 2.3272 0.5455 -0.7816 +9.167 -6.35749 1.3329  closed nex=5
-0.29000 | 1.2748 0.7836 +0.7946 +17.429 -3.50207 0.6449 | 2.3789 0.5397 -0.9895 +9.481 -6.39721 1.3773  closed nex=7
-0.28000 | 1.2923 0.7960 +0.7300 +17.007 -3.51523 0.6636 | 2.4334 0.5325 -1.2252 +9.893 -6.43998 1.4239  closed nex=5
-0.27000 | 1.3105 0.8091 +0.6655 +16.581 -3.52843 0.6834 | 2.4907 0.5235 -1.4972 +10.435 -6.48607 1.4726  closed nex=7
-0.26000 | 1.3297 0.8228 +0.6009 +16.153 -3.54165 0.7045 | 2.5509 0.5123 -1.8178 +11.151 -6.53581 1.5236  closed nex=5
-0.25000 | 1.3498 0.8374 +0.5364 +15.723 -3.55488 0.7271 | 2.6143 0.4985 -2.2055 +12.107 -6.58949 1.5766  closed nex=7
-0.24000 | 1.3710 0.8527 +0.4719 +15.289 -3.56814 0.7512 | 2.6808 0.4816 -2.6887 +13.410 -6.64741 1.6315  closed nex=5
-0.23000 | 1.3933 0.8689 +0.4075 +14.853 -3.58140 0.7771 | 2.7503 0.4608 -3.3148 +15.234 -6.70988 1.6880  closed nex=7
-0.22000 | 1.4169 0.8861 +0.3431 +14.413 -3.59469 0.8050 | 2.8227 0.4352 -4.1667 +17.892 -6.77716 1.7456  closed nex=7
-0.21000 | 1.4419 0.9044 +0.2787 +13.969 -3.60800 0.8352 | 2.8974 0.4034 -5.4053 +21.996 -6.84946 1.8036  closed nex=7
-0.20000 | 1.4685 0.9240 +0.2143 +13.522 -3.62135 0.8679 | 2.9734 0.3634 -7.3867 +28.926 -6.92690 1.8607  closed nex=5
-0.19000 | 1.4968 0.9449 +0.1500 +13.071 -3.63477 0.9034 | 3.0489 0.3117 -11.0832 +42.514 -7.00947 1.9151  closed nex=5
-0.18000 | 1.5270 0.9673 +0.0857 +12.615 -3.64831 0.9422 | 3.1193 0.2408 -20.4047 +78.545 -7.09690 1.9636  closed nex=5
-0.17000 | 1.5595 0.9915 +0.0214 +12.155 -3.66203 0.9849 | 3.1685 0.1224 -86.4712 +351.534 -7.18826 1.9983  closed nex=3
-0.16000 | 1.5944 1.0177 -0.0428 +11.689 -3.67604 1.0319 | -  closed nex=1
-0.15000 | 1.6321 1.0462 -0.1070 +11.217 -3.69049 1.0840 | -  closed nex=1
-0.14000 | 1.6731 1.0773 -0.1711 +10.739 -3.70560 1.1422 | -  closed nex=1
-0.13000 | 1.7179 1.1115 -0.2351 +10.254 -3.72172 1.2077 | -  closed nex=1
-0.12000 | 1.7671 1.1494 -0.2991 +9.761 -3.73933 1.2820 | -  closed nex=1
-0.11000 | 1.8217 1.1917 -0.3630 +9.259 -3.75917 1.3671 | -  closed nex=1
-0.10000 | 1.8827 1.2394 -0.4269 +8.747 -3.78235 1.4657 | -  closed nex=1
-0.09000 | 1.9515 1.2937 -0.4906 +8.223 -3.81063 1.5815 | -  closed nex=1
-0.08000 | 2.0303 1.3565 -0.5542 +7.684 -3.84672 1.7197 | -  closed nex=1
-0.07000 | 2.1219 1.4302 -0.6177 +7.129 -3.89515 1.8883 | -  closed nex=1
-0.06000 | 2.2305 1.5187 -0.6811 +6.552 -3.96364 2.0993 | -  closed nex=1
-0.05000 | 2.3629 1.6281 -0.7442 +5.949 -4.06625 2.3727 | -  closed nex=1
