(1) Ostrogradsky momentum p_{a'} = dL_tau/da'' = (1/4pi^2) a a'' - 72 kappa (1 - a a'' - a'^2) at the cut, along the real family at q1=4, and I(c3):
   c3      tau1     I_tot(C=1)   I_loc     Gamma    R1       K1      p_{a'}   Im I
 -0.030: does not reach q1=4 in real tau
 -0.028  2.6764  -3.99386  -5.71733  +1.72347  +4.146  +0.0633  +0.23496  +0.0e+00
 -0.026  2.5030  -3.20285  -4.76008  +1.55724  +3.533  +0.1571  +0.20179  +0.0e+00
 -0.024  2.4126  -2.81573  -4.29871  +1.48299  +3.135  +0.2095  +0.17969  +0.0e+00
 -0.022  2.3466  -2.54920  -3.98460  +1.43541  +2.798  +0.2497  +0.16078  +0.0e+00
 -0.020  2.2935  -2.34819  -3.75013  +1.40194  +2.494  +0.2835  +0.14354  +0.0e+00
 -0.018  2.2486  -2.19027  -3.56778  +1.37751  +2.210  +0.3131  +0.12735  +0.0e+00
 -0.016  2.2095  -2.06372  -3.42321  +1.35950  +1.939  +0.3397  +0.11187  +0.0e+00
 -0.014  2.1747  -1.96150  -3.30783  +1.34634  +1.678  +0.3642  +0.09692  +0.0e+00
 -0.012  2.1434  -1.87902  -3.21604  +1.33702  +1.425  +0.3869  +0.08237  +0.0e+00
 -0.010  2.1148  -1.81309  -3.14395  +1.33086  +1.178  +0.4082  +0.06814  +0.0e+00
 -0.008  2.0885  -1.76137  -3.08871  +1.32733  +0.936  +0.4283  +0.05416  +0.0e+00
 -0.006  2.0641  -1.72211  -3.04819  +1.32608  +0.698  +0.4474  +0.04039  +0.0e+00
 -0.004  2.0414  -1.69393  -3.02074  +1.32681  +0.462  +0.4657  +0.02679  +0.0e+00
 -0.002  2.0201  -1.67574  -3.00503  +1.32929  +0.230  +0.4832  +0.01333  +0.0e+00
 +0.000  2.0000  -1.66666  -3.00000  +1.33333  -0.000  +0.5000  -0.00000  +0.0e+00
 +0.002  1.9810  -1.66597  -3.00476  +1.33880  -0.228  +0.5163  -0.01323  +0.0e+00
 +0.004  1.9630  -1.67304  -3.01859  +1.34555  -0.455  +0.5320  -0.02637  +0.0e+00
 +0.006  1.9459  -1.68736  -3.04086  +1.35350  -0.680  +0.5472  -0.03944  +0.0e+00
 +0.008  1.9296  -1.70849  -3.07104  +1.36255  -0.903  +0.5620  -0.05243  +0.0e+00
 +0.010  1.9140  -1.73605  -3.10866  +1.37262  -1.126  +0.5764  -0.06537  +0.0e+00
 +0.012  1.8991  -1.76970  -3.15334  +1.38365  -1.348  +0.5905  -0.07826  +0.0e+00
 +0.014  1.8848  -1.80914  -3.20472  +1.39558  -1.568  +0.6042  -0.09111  +0.0e+00
 +0.016  1.8710  -1.85412  -3.26249  +1.40836  -1.788  +0.6176  -0.10392  +0.0e+00
 +0.018  1.8578  -1.90441  -3.32637  +1.42195  -2.008  +0.6307  -0.11670  +0.0e+00
 +0.020  1.8450  -1.95980  -3.39611  +1.43631  -2.227  +0.6435  -0.12944  +0.0e+00
 +0.022  1.8327  -2.02009  -3.47150  +1.45141  -2.445  +0.6561  -0.14217  +0.0e+00
 +0.024  1.8208  -2.08513  -3.55234  +1.46720  -2.663  +0.6685  -0.15487  +0.0e+00
 +0.026  1.8093  -2.15476  -3.63844  +1.48367  -2.881  +0.6806  -0.16755  +0.0e+00
 +0.028  1.7981  -2.22884  -3.72963  +1.50079  -3.098  +0.6925  -0.18022  +0.0e+00
 +0.030  1.7873  -2.30724  -3.82577  +1.51853  -3.315  +0.7042  -0.19287  +0.0e+00
 +0.050  1.6941  -3.30685  -5.03325  +1.72640  -5.478  +0.8124  -0.31903  +0.0e+00
 +0.100  1.5329  -7.21170  -9.64683  +2.43514  -10.901  +1.0371  -0.63589  +0.0e+00
 +0.200  1.3416  -19.68700  -24.12674  +4.43974  -22.041  +1.3910  -1.28734  +0.0e+00
 +0.300  1.2225  -37.29734  -44.34791  +7.05056  -33.604  +1.6819  -1.96370  +0.0e+00
  zero of dI_tot/dc3 (C=1) at c3 = [0.0012106849023282692] ; zero of dI_loc/dc3 at c3 = [2.8276736538572257e-05]
(2) flat cap c3=0: I_loc vs -(3/4) q1, Gamma(C=1), Im I (phase): 
   q1=   0.4: I_loc=-0.3000 (-(3/4)q1=-0.3000)  Gamma=+0.0359  Im I=+0.0e+00  a'=1.0000 (Euclidean K=3a'/a real => non-classical data)
   q1=   1.0: I_loc=-0.7500 (-(3/4)q1=-0.7500)  Gamma=+0.1879  Im I=+0.0e+00  a'=1.0000 (Euclidean K=3a'/a real => non-classical data)
   q1=   4.0: I_loc=-3.0000 (-(3/4)q1=-3.0000)  Gamma=+1.3333  Im I=+0.0e+00  a'=1.0000 (Euclidean K=3a'/a real => non-classical data)
   q1=   9.0: I_loc=-6.7500 (-(3/4)q1=-6.7500)  Gamma=+2.6407  Im I=+0.0e+00  a'=1.0000 (Euclidean K=3a'/a real => non-classical data)
   q1=  25.0: I_loc=-18.7500 (-(3/4)q1=-18.7500)  Gamma=+4.2931  Im I=+0.0e+00  a'=1.0000 (Euclidean K=3a'/a real => non-classical data)
   q1= 100.0: I_loc=-75.0000 (-(3/4)q1=-75.0000)  Gamma=+6.4864  Im I=+0.0e+00  a'=1.0000 (Euclidean K=3a'/a real => non-classical data)
(3) weights: sphere K=0 history e^{-2 I_R}, I_R=I_S4/2=-(5/3+2eps) => exponent +(10/3+4eps) a; Milne (flat space through its pole) I_R=0 => exponent 0.  Ratio sphere/Milne = e^{+7.333 a}
