=== (a) sphere de Sitter continuation from the equator (expect Re I_inv frozen at I_S4/2 = -3.66667 + const):
sphere t=0.0                                 C*=1.0000+0.0000j theta1=1.5708+0.0000j a=1.0000+0.0000j R=12.000+0.000j K=0.0000+0.0000j | I_loc=-3.6667+0.0000j | Gamma_KS(sym)=0.0000+0.0000j bdy=-0.0000+0.0000j | I_inv=-3.0000+0.0000j  Re I_inv=-3.00000
sphere t=0.5                                 C*=0.8868-0.4621j theta1=1.5708-0.0000j a=1.1276+0.0000j R=12.000+0.000j K=0.0000-0.4621j | I_loc=-3.6667-2.6285j | Gamma_KS(sym)=0.0000+0.3448j bdy=0.0000-0.0472j | I_inv=-3.0000-1.7626j  Re I_inv=-3.00000
sphere t=1.0                                 C*=0.6481-0.7616j theta1=1.5708+0.0000j a=1.5431+0.0000j R=12.000+0.000j K=0.0000-0.7616j | I_loc=-3.6667-7.3405j | Gamma_KS(sym)=0.0000+0.6683j bdy=0.0000-0.5410j | I_inv=-3.0000-5.4970j  Re I_inv=-3.00000
sphere t=1.5                                 C*=0.4251-0.9051j theta1=1.5708+0.0000j a=2.3524+0.0000j R=12.000+0.000j K=0.0000-0.9051j | I_loc=-3.6667-20.5724j | Gamma_KS(sym)=-0.0000+2.0153j bdy=0.0000-3.2179j | I_inv=-3.0000-16.4278j  Re I_inv=-3.00000
sphere t=2.0                                 C*=0.2658-0.9640j theta1=1.5708-0.0000j a=3.7622+0.0000j R=12.000+0.000j K=0.0000-0.9640j | I_loc=-3.6667-68.9114j | Gamma_KS(sym)=-0.0000+9.9970j bdy=0.0000-15.9027j | I_inv=-3.0000-55.2876j  Re I_inv=-3.00000
sphere t=3.0                                 C*=0.0993-0.9951j theta1=1.5708+0.0000j a=10.0677+0.0000j R=12.000+0.000j K=0.0000-0.9951j | I_loc=-3.6667-1136.7380j | Gamma_KS(sym)=-0.0000+241.7633j bdy=0.0000-335.1240j | I_inv=-3.0000-884.9568j  Re I_inv=-3.00000
=== (b) double bubble neck continuation (expect Re I_inv frozen):
DB neck t=0.0                                C*=0.2984+0.0000j theta1=1.5708+0.0000j a=0.5585+0.0000j R=8.494+0.000j K=0.0000+0.0000j | I_loc=-5.2849+0.0000j | Gamma_KS(sym)=0.5566+0.0000j bdy=-0.0000+0.0000j | I_inv=-3.6571+0.0000j  Re I_inv=-3.65710
DB neck t=0.1                                C*=0.2936-0.0533j theta1=1.5708+0.0000j a=0.5534+0.0000j R=8.097+0.000j K=0.0000+0.1854j | I_loc=-5.2849-0.0752j | Gamma_KS(sym)=0.5566+0.1334j bdy=0.0000+0.0004j | I_inv=-3.6571+0.0670j  Re I_inv=-3.65710
DB neck t=0.3                                C*=0.2539-0.1569j theta1=1.5708-0.0000j a=0.5077+0.0000j R=3.970+0.000j K=0.0000+0.7521j | I_loc=-5.2849-0.1893j | Gamma_KS(sym)=0.5566+0.3618j bdy=0.0000+0.0186j | I_inv=-3.6571+0.2091j  Re I_inv=-3.65710
DB neck t=0.5                                C*=0.1616-0.2509j theta1=1.5708+0.0000j a=0.3747+0.0000j R=-20.475+0.002j K=0.0001+2.9465j | I_loc=-5.2849-0.2475j | Gamma_KS(sym)=0.5565-0.1118j bdy=0.0000+0.4487j | I_inv=-3.6571+0.1128j  Re I_inv=-3.65712
DB neck t=0.55                               C*=0.1234-0.2717j theta1=1.5708-0.0000j a=0.3084+0.0000j R=-54.033+0.005j K=0.0003+5.2179j | I_loc=-5.2849-0.3017j | Gamma_KS(sym)=0.5563-1.4618j bdy=0.0002+1.3885j | I_inv=-3.6572-0.3357j  Re I_inv=-3.65718
=== (c) perturbed spheres from their K=0 peak (attack flaw 11: bulk-only Re I drifted by O(1)):
sphere++1e-03 t=0.0                          C*=0.9981+0.0000j theta1=1.5708+0.0000j a=1.0026+0.0000j R=11.953+0.000j K=0.0000+0.0000j | I_loc=-3.6715+0.0000j | Gamma_KS(sym)=0.0048+0.0000j bdy=-0.0000+0.0000j | I_inv=-3.0000+0.0000j  Re I_inv=-3.00001
sphere++1e-03 t=1.0                          C*=0.6482-0.7588j theta1=1.5708+0.0000j a=1.5451+0.0010j R=11.937+0.030j K=0.0015-0.7591j | I_loc=-3.6443-7.3206j | Gamma_KS(sym)=0.0030+0.6661j bdy=0.0042-0.5378j | I_inv=-2.9777-5.4816j  Re I_inv=-2.97774
sphere++1e-03 t=2.0                          C*=0.2670-0.9610j theta1=1.5708-0.0000j a=3.7551+0.0092j R=11.909+0.046j K=0.0020-0.9603j | I_loc=-2.8640-67.8477j | Gamma_KS(sym)=-0.1422+9.8061j bdy=0.2133-15.6280j | I_inv=-2.3560-54.4356j  Re I_inv=-2.35596
sphere++1e-03 t=3.0                          C*=0.1003-0.9918j theta1=1.5708+0.0000j a=10.0057+0.0470j R=11.876+0.063j K=0.0025-0.9902j | I_loc=20.7613-1097.9493j | Gamma_KS(sym)=-5.2567+233.5004j bdy=7.0457-324.0963j | I_inv=16.0996-854.5415j  Re I_inv=+16.09963
sphere+-1e-03 t=0.0                          C*=1.0019+0.0000j theta1=1.5708+0.0000j a=0.9974+0.0000j R=12.046+0.000j K=0.0000+0.0000j | I_loc=-3.6619+0.0000j | Gamma_KS(sym)=-0.0048+0.0000j bdy=-0.0000+0.0000j | I_inv=-3.0000+0.0000j  Re I_inv=-3.00001
sphere+-1e-03 t=1.0                          C*=0.6479-0.7643j theta1=1.5708+0.0000j a=1.5411-0.0010j R=12.063-0.030j K=-0.0015-0.7641j | I_loc=-3.6892-7.3604j | Gamma_KS(sym)=-0.0029+0.6705j bdy=-0.0042-0.5442j | I_inv=-3.0224-5.5124j  Re I_inv=-3.02243
sphere+-1e-03 t=2.0                          C*=0.2647-0.9670j theta1=1.5708-0.0000j a=3.7694-0.0093j R=12.091-0.047j K=-0.0020-0.9678j | I_loc=-4.4949-69.9827j | Gamma_KS(sym)=0.1473+10.1892j bdy=-0.2201-16.1794j | I_inv=-3.6644-56.1456j  Re I_inv=-3.66443
sphere+-1e-03 t=3.0                          C*=0.0983-0.9983j theta1=1.5708+0.0000j a=10.1300-0.0476j R=12.124-0.064j K=-0.0025-0.9999j | I_loc=-29.7750-1176.3042j | Gamma_KS(sym)=5.6116+250.1881j bdy=-7.5113-346.3635j | I_inv=-23.4234-915.9869j  Re I_inv=-23.42336
=== (d) saddles at (q1,R1)=(4,12):
sphere dS (4,12)                             C*=0.5000-0.8660j theta1=1.5708-0.0000j a=2.0000+0.0000j R=12.000+0.000j K=0.0000-0.8660j | I_loc=-3.6667-13.8564j | Gamma_KS(sym)=-0.0000+1.2284j bdy=0.0000-1.7321j | I_inv=-3.0000-10.8960j  Re I_inv=-3.00000
complex pair (4,12)                          C*=0.0417-0.0624j theta1=1.5708+0.0000j a=2.0000+0.0000j R=12.000+0.000j K=-0.0104-0.8657j | I_loc=-7.4908-13.8095j | Gamma_KS(sym)=1.3492+1.1732j bdy=-0.0625-1.7294j | I_inv=-4.6439-10.9117j  Re I_inv=-4.64388
real-Euclidean recontracting cap (4,12)      C*=0.2729+0.0000j theta1=1.5708+0.0000j a=1.9999+0.0000j R=12.002+0.000j K=-1.7992+0.0000j | I_loc=-42.0022+0.0000j | Gamma_KS(sym)=-13.0651+0.0000j bdy=15.5274-0.0000j | I_inv=-33.7288+0.0000j  Re I_inv=-33.72881
=== (e) saddles at (4,20):
(4,20) perturbed-sphere-like                 C*=0.5793-1.1497j theta1=1.5708-0.0000j a=2.0000+0.0000j R=20.000+0.000j K=0.0060-1.1618j | I_loc=-3.1330-25.1984j | Gamma_KS(sym)=-0.3543+2.6137j bdy=0.0649-4.1815j | I_inv=-2.8245-20.2563j  Re I_inv=-2.82445
   [sym_C: not converged, |f|=4.7e+00]
(4,20) second complex                        C*=-10.9877-321.8027j theta1=-3.1490+0.0006j a=-2.0000+0.0000j R=20.000-0.000j K=0.0015-1.1759j | I_loc=-4.0607+26.5321j | Gamma_KS(sym)=-194299.4792+0.6282j bdy=-0.0167+4.3355j | I_inv=-194302.8076+24.8033j  Re I_inv=-194302.80755
(4,20) real-Euclidean                        C*=0.2300+0.0000j theta1=1.5708+0.0000j a=2.0012+0.0000j R=19.970+0.000j K=-3.1270+0.0000j | I_loc=-80.8238+0.0000j | Gamma_KS(sym)=-87.4856+0.0000j bdy=81.6814-0.0000j | I_inv=-75.6947+0.0000j  Re I_inv=-75.69474
=== (f) neck-data saddles (0.311894, 8.49375):
DB at neck                                   C*=0.2984+0.0000j theta1=1.5708+0.0000j a=0.5585+0.0000j R=8.494+0.000j K=0.0000+0.0000j | I_loc=-5.2849+0.0000j | Gamma_KS(sym)=0.5566+0.0000j bdy=-0.0000+0.0000j | I_inv=-3.6571+0.0000j  Re I_inv=-3.65710
asymmetric neighbour at neck data            C*=0.3380+0.0000j theta1=1.5708+0.0000j a=0.5585+0.0000j R=8.494+0.000j K=-0.0000+0.0000j | I_loc=-5.0950+0.0000j | Gamma_KS(sym)=0.3916+0.0000j bdy=0.0000-0.0000j | I_inv=-3.6572+0.0000j  Re I_inv=-3.65723
sphere-branch rising cap at neck data        C*=3.3731+0.0000j theta1=1.5708+0.0000j a=0.5585+0.0000j R=8.494+0.000j K=1.5816+0.0000j | I_loc=-0.2868+0.0000j | Gamma_KS(sym)=-1.1547+0.0000j bdy=-0.2297+0.0000j | I_inv=-1.6582+0.0000j  Re I_inv=-1.65818
=== (g) flat cap at q1=4 and q1=25 (R1=0):
flat cap q1=4                                C*=1.0000+0.0000j theta1=1.5708+0.0000j a=2.0000+0.0000j R=0.000+0.000j K=0.5000+0.0000j | I_loc=-3.0000+0.0000j | Gamma_KS(sym)=1.5000+0.0000j bdy=-0.3333+0.0000j | I_inv=-1.8333+0.0000j  Re I_inv=-1.83333
flat cap q1=25                               C*=0.4000+0.0000j theta1=1.5708+0.0000j a=5.0000+0.0000j R=0.000+0.000j K=0.2000+0.0000j | I_loc=-18.7500+0.0000j | Gamma_KS(sym)=3.3326+0.0000j bdy=-0.3333+0.0000j | I_inv=-15.7507+0.0000j  Re I_inv=-15.75075
=== (h) (4,0) complex saddle:
(4,0) complex                                C*=-0.0531-0.3873j theta1=1.5708-0.0000j a=2.0000-0.0000j R=-0.000-0.000j K=-0.0054-0.1881j | I_loc=-4.8431-6.1816j | Gamma_KS(sym)=0.3870+1.4095j bdy=-0.0015-0.0177j | I_inv=-3.4735-3.9224j  Re I_inv=-3.47352
