R_neck(c3) near the symmetric double bubble (eps=1):
  c3=-0.370000: tau_n=2.02849 a_n=0.558986 q_n=0.312466 R_n=8.46839 a'''_n=+2.53e-01
  c3=-0.360000: tau_n=2.06532 a_n=0.558991 q_n=0.312471 R_n=8.46816 a'''_n=+1.33e-01
  c3=-0.355000: tau_n=2.08437 a_n=0.558817 q_n=0.312277 R_n=8.47676 a'''_n=+7.08e-02
  c3=-0.352000: tau_n=2.09602 a_n=0.558651 q_n=0.312091 R_n=8.48499 a'''_n=+3.25e-02
  c3=-0.350000: tau_n=2.10388 a_n=0.558514 q_n=0.311938 R_n=8.49182 a'''_n=+6.66e-03
  c3=-0.349489: tau_n=2.10590 a_n=0.558475 q_n=0.311894 R_n=8.49375 a'''_n=-2.70e-06
  c3=-0.348000: tau_n=2.11181 a_n=0.558353 q_n=0.311759 R_n=8.49978 a'''_n=-1.95e-02
  c3=-0.345000: tau_n=2.12384 a_n=0.558069 q_n=0.311441 R_n=8.51391 a'''_n=-5.94e-02
  c3=-0.340000: tau_n=2.14429 a_n=0.557473 q_n=0.310776 R_n=8.54366 a'''_n=-1.28e-01
  c3=-0.335000: tau_n=2.16524 a_n=0.556712 q_n=0.309928 R_n=8.58178 a'''_n=-1.98e-01
exact DB neck data: q_n=0.311894, R_n=8.493745, tau_n=2.10590
Newton at (0.311894,8.49375) [exact neck data]:
   seed c3=-0.349 tau=2.106 -> conv c3=-0.349489+0.000000j tau1=2.10590+0.00000j a'''=-0.000+0.000j K1=-0.000+0.000j I(C=1)=-6.1968 I_loc=-5.2849 NEW
   seed c3=-0.349 tau=1.185+0.800j -> conv c3=-0.381507+0.000000j tau1=1.98813+0.00000j a'''=0.384+0.000j K1=-0.000-0.000j I(C=1)=-6.1160 I_loc=-5.0950 NEW
   seed c3=-0.167 tau=0.593 -> conv c3=-0.116466+0.000000j tau1=0.58119+0.00000j a'''=-0.652+0.000j K1=1.582+0.000j I(C=1)=-0.2838 I_loc=-0.2868 NEW
   seed c3=-0.380 tau=2.000 -> conv c3=-0.381507+0.000000j tau1=1.98813+0.00000j a'''=0.384+0.000j K1=-0.000+0.000j I(C=1)=-6.1160 I_loc=-5.0950 
   seed c3=-0.450 tau=1.000 -> conv c3=-0.381507+0.000000j tau1=1.98813+0.00000j a'''=0.384+0.000j K1=-0.000+0.000j I(C=1)=-6.1160 I_loc=-5.0950 
   seed c3=-0.600 tau=0.900 -> conv c3=-0.381507+0.000000j tau1=1.98813+0.00000j a'''=0.384+0.000j K1=-0.000+0.000j I(C=1)=-6.1160 I_loc=-5.0950 
   seed c3=-0.250 tau=3.000 -> conv c3=-0.349489+0.000000j tau1=2.10590+0.00000j a'''=-0.000+0.000j K1=0.000+0.000j I(C=1)=-6.1968 I_loc=-5.2849 
   seed c3=-0.050 tau=0.600 -> conv c3=-0.116466+0.000000j tau1=0.58119+0.00000j a'''=-0.652+0.000j K1=1.582+0.000j I(C=1)=-0.2838 I_loc=-0.2868 
   seed c3=+0.050 tau=0.550 -> conv c3=-0.116466+0.000000j tau1=0.58119+0.00000j a'''=-0.652+0.000j K1=1.582+0.000j I(C=1)=-0.2838 I_loc=-0.2868 
   seed c3=-0.200 tau=1.000+1.000j -> conv c3=-0.116466-0.000000j tau1=0.58119+0.00000j a'''=-0.652+0.000j K1=1.582-0.000j I(C=1)=-0.2838 I_loc=-0.2868 
  distinct saddles: 3
Newton at (0.312000,8.47000) [position rounded data]:
   seed c3=-0.349 tau=2.106 -> conv c3=-0.380227+0.000000j tau1=1.99775+0.00000j a'''=0.289+0.000j K1=0.009+0.000j I(C=1)=-6.1219 I_loc=-5.1060 NEW
   seed c3=-0.349 tau=1.185+0.800j -> conv c3=-0.380227+0.000000j tau1=1.99775+0.00000j a'''=0.289+0.000j K1=0.009-0.000j I(C=1)=-6.1219 I_loc=-5.1060 
   seed c3=-0.167 tau=0.593 -> conv c3=-0.116130+0.000000j tau1=0.58122+0.00000j a'''=-0.651+0.000j K1=1.582+0.000j I(C=1)=-0.2836 I_loc=-0.2866 NEW
   seed c3=-0.380 tau=2.000 -> conv c3=-0.380227+0.000000j tau1=1.99775+0.00000j a'''=0.289+0.000j K1=0.009+0.000j I(C=1)=-6.1219 I_loc=-5.1060 
   seed c3=-0.450 tau=1.000 -> conv c3=-0.380227+0.000000j tau1=1.99775+0.00000j a'''=0.289+0.000j K1=0.009+0.000j I(C=1)=-6.1219 I_loc=-5.1060 
   seed c3=-0.600 tau=0.900 -> conv c3=-0.380227+0.000000j tau1=1.99775+0.00000j a'''=0.289+0.000j K1=0.009+0.000j I(C=1)=-6.1219 I_loc=-5.1060 
   seed c3=-0.250 tau=3.000 -> NO c3=-0.361728+0.000000j tau1=2.04812+0.00000j a'''=0.783+0.000j K1=-0.091+0.000j I(C=1)=-6.1691 I_loc=-5.2425 
   seed c3=-0.050 tau=0.600 -> conv c3=-0.116130+0.000000j tau1=0.58122+0.00000j a'''=-0.651+0.000j K1=1.582+0.000j I(C=1)=-0.2836 I_loc=-0.2866 
   seed c3=+0.050 tau=0.550 -> conv c3=-0.116130+0.000000j tau1=0.58122+0.00000j a'''=-0.651+0.000j K1=1.582+0.000j I(C=1)=-0.2836 I_loc=-0.2866 
   seed c3=-0.200 tau=1.000+1.000j -> conv c3=-0.116130-0.000000j tau1=0.58122+0.00000j a'''=-0.651+0.000j K1=1.582-0.000j I(C=1)=-0.2836 I_loc=-0.2866 
  distinct saddles: 2
