=== (1) path-independence check of the complex-pair saddle at (4,12), eps=1:
   path=[1.185, (2.73251+1.13928j)]: residual=2.5e-05  a=2.00000+0.00001j R=12.0000+0.0000j I_loc=-7.4908-13.8095j a'''=0.0520+1.7280j
   path=[(2.73251+1.13928j)]: residual=7.2e+01  a=0.75677+0.45686j R=9.7731-72.1663j I_loc=-9.1760-11.8190j a'''=16.8866-1.1723j
   path=[(0.8+0.3j), (2.73251+1.13928j)]: residual=7.2e+01  a=0.75677+0.45686j R=9.7731-72.1663j I_loc=-9.1760-11.8190j a'''=16.8866-1.1723j
   path=[0.5, (1.5+0.8j), (2.73251+1.13928j)]: residual=7.2e+01  a=0.75677+0.45686j R=9.7731-72.1663j I_loc=-9.1760-11.8190j a'''=16.8866-1.1723j
   data at the cut: a'''= (16.88663221097243-1.172290809382958j)  (sphere dS at a=2 has a'''=+i sinh(arccosh 2)*... =  (-1.224646799147353e-16+1.732050807568877j) )
=== (2) continuation of the complex-pair cap from its cut along +i t and -i t (is it a classical history?):
pair cont +i t=0.25                          C*=0.0345-0.0666j theta1=1.5708-0.0000j a=2.5002-0.0042j R=12.001+0.035j K=-0.0037-0.9164j | I_loc=-7.4580-23.8778j | Gamma_KS(sym)=1.3311+2.4089j bdy=-0.0693-4.0094j | I_inv=-4.6369-19.1849j  Re I_inv=-4.63693
        Im a/Re a=-0.0017  R=12.001+0.035j  K=-0.0037-0.9164j
pair cont +i t=0.5                           C*=0.0284-0.0695j theta1=1.5708+0.0000j a=3.1576-0.0067j R=12.001+0.054j K=-0.0003-0.9485j | I_loc=-7.3859-43.2948j | Gamma_KS(sym)=1.3082+5.4179j bdy=-0.0657-8.9552j | I_inv=-4.5936-34.8893j  Re I_inv=-4.59363
        Im a/Re a=-0.0021  R=12.001+0.054j  K=-0.0003-0.9485j
pair cont +i t=1.0                           C*=0.0195-0.0725j theta1=1.5708+0.0000j a=5.1214-0.0075j R=12.001+0.074j K=0.0024-0.9808j | I_loc=-6.5253-161.1236j | Gamma_KS(sym)=1.1310+28.1031j bdy=0.1248-42.2453j | I_inv=-3.9225-128.0051j  Re I_inv=-3.92247
        Im a/Re a=-0.0015  R=12.001+0.074j  K=0.0024-0.9808j
pair cont +i t=1.5                           C*=0.0138-0.0738j theta1=1.5708+0.0000j a=8.3926+0.0000j R=12.002+0.089j K=0.0034-0.9929j | I_loc=0.4231-666.4677j | Gamma_KS(sym)=-0.2916+137.1075j bdy=1.9632-192.8944j | I_inv=1.5800-521.0347j  Re I_inv=+1.58001
        Im a/Re a=+0.0000  R=12.002+0.089j  K=0.0034-0.9929j
pair cont +i t=2.0                           C*=0.0103-0.0743j theta1=1.5708+0.0000j a=13.8064+0.0256j R=12.002+0.104j K=0.0040-0.9974j | I_loc=48.6636-2894.2869j | Gamma_KS(sym)=-10.5050+638.5522j bdy=15.3612-870.4226j | I_inv=39.5544-2241.9718j  Re I_inv=+39.55439
        Im a/Re a=+0.0019  R=12.002+0.104j  K=0.0040-0.9974j
pair cont +i t=3.0                           C*=0.0069-0.0747j theta1=1.5708-0.0000j a=37.4894+0.2459j R=12.002+0.141j K=0.0055-0.9997j | I_loc=2200.5929-57181.5498j | Gamma_KS(sym)=-479.3435+13111.1440j bdy=632.5107-17540.0226j | I_inv=1722.2757-44032.9455j  Re I_inv=+1722.27569
        Im a/Re a=+0.0066  R=12.002+0.141j  K=0.0055-0.9997j
pair cont -i t=0.25                          C*=0.0500-0.0560j theta1=1.5708-0.0000j a=1.6255+0.0065j R=11.999-0.066j K=-0.0226-0.7874j | I_loc=-7.5177-8.3160j | Gamma_KS(sym)=1.3675+0.6832j bdy=-0.0519-0.6979j | I_inv=-4.6416-6.3586j  Re I_inv=-4.64162
        Im a/Re a=+0.0040  R=11.999-0.066j  K=-0.0226-0.7874j
pair cont -i t=0.5                           C*=0.0587-0.0468j theta1=1.5708+0.0000j a=1.3533+0.0162j R=11.995-0.190j K=-0.0426-0.6709j | I_loc=-7.5480-5.0944j | Gamma_KS(sym)=1.3854+0.4677j bdy=-0.0385-0.2480j | I_inv=-4.6388-3.7226j  Re I_inv=-4.63883
        Im a/Re a=+0.0120  R=11.995-0.190j  K=-0.0426-0.6709j
pair cont -i t=1.0                           C*=0.0737-0.0186j theta1=1.5708-0.0000j a=1.0539+0.0487j R=11.953-0.760j K=-0.0922-0.2922j | I_loc=-7.6164-1.5008j | Gamma_KS(sym)=1.4047+0.1607j bdy=-0.0079-0.0080j | I_inv=-4.6504-1.0281j  Re I_inv=-4.65040
        Im a/Re a=+0.0463  R=11.953-0.760j  K=-0.0922-0.2922j
pair cont -i t=1.5                           C*=0.0764+0.0188j theta1=1.5708+0.0000j a=1.0285+0.0936j R=11.755-1.812j K=-0.0640+0.2081j | I_loc=-7.6417+0.9909j | Gamma_KS(sym)=1.3819-0.2028j bdy=-0.0035+0.0015j | I_inv=-4.6952+0.5807j  Re I_inv=-4.69523
        Im a/Re a=+0.0910  R=11.755-1.812j  K=-0.0640+0.2081j
   [sym_C: not converged, |f|=1.2e-01]
pair cont -i t=2.0                           C*=0.0652+0.0421j theta1=1.5140-0.1095j a=1.2680+0.1194j R=11.428-2.934j K=0.0556+0.5987j | I_loc=-7.3042+4.1213j | Gamma_KS(sym)=1.3909-0.4657j bdy=-0.0006+0.1497j | I_inv=-4.4334+2.8920j  Re I_inv=-4.43342
        Im a/Re a=+0.0942  R=11.428-2.934j  K=0.0556+0.5987j
   [sym_C: not converged, |f|=1.5e+00]
pair cont -i t=3.0                           C*=0.4834+1.3830j theta1=3.0268-0.0004j a=2.8081-0.1344j R=10.866-4.651j K=0.1976+0.9072j | I_loc=10.4712+24.5610j | Gamma_KS(sym)=-4.4071+3.4192j bdy=4.1986+4.1857j | I_inv=6.8698+25.4806j  Re I_inv=+6.86976
        Im a/Re a=-0.0479  R=10.866-4.651j  K=0.1976+0.9072j
=== (3) the same saddle family at larger dS data (q1,12), eps=1: track from (4,12) by continuation in q1:
pair at (6.0,12)                             C*=0.0351-0.0663j theta1=1.5708+0.0000j a=2.4495-0.0000j R=12.000+0.000j K=-0.0052-0.9127j | I_loc=-7.4443-22.6879j | Gamma_KS(sym)=1.3307+2.2457j bdy=-0.0639-3.7246j | I_inv=-4.6240-18.2137j  Re I_inv=-4.62403
        sphere at (6.0,12): I_inv=-3.0000 (frozen);  pair K=-0.0052-0.9127j, dS K would be 0.0000-0.9129j
pair at (9.0,12)                             C*=0.0297-0.0689j theta1=1.5708-0.0000j a=3.0000-0.0000j R=12.000+0.000j K=-0.0026-0.9427j | I_loc=-7.4054-37.9037j | Gamma_KS(sym)=1.3134+4.5288j bdy=-0.0633-7.5405j | I_inv=-4.6074-30.5541j  Re I_inv=-4.60736
        sphere at (9.0,12): I_inv=-3.0000 (frozen);  pair K=-0.0026-0.9427j, dS K would be 0.0000-0.9428j
pair at (16.0,12)                            C*=0.0236-0.0712j theta1=1.5708+0.0000j a=4.0000+0.0000j R=12.000+0.000j K=-0.0010-0.9682j | I_loc=-7.3586-81.2896j | Gamma_KS(sym)=1.2905+12.2649j bdy=-0.0605-19.3631j | I_inv=-4.5873-65.1594j  Re I_inv=-4.58730
        sphere at (16.0,12): I_inv=-3.0000 (frozen);  pair K=-0.0010-0.9682j, dS K would be 0.0000-0.9682j
pair at (25.0,12)                            C*=0.0199-0.0724j theta1=1.5708+0.0000j a=5.0000+0.0000j R=12.000+0.000j K=-0.0005-0.9798j | I_loc=-7.3269-150.6015j | Gamma_KS(sym)=1.2740+25.9557j bdy=-0.0576-39.1902j | I_inv=-4.5737-119.7544j  Re I_inv=-4.57372
        sphere at (25.0,12): I_inv=-3.0000 (frozen);  pair K=-0.0005-0.9798j, dS K would be 0.0000-0.9798j
=== (4) saddles at (4,12) inside the window and at eps_c: eps=0.30, 0.355 (seeds: sphere, complex pair, real-Euclidean, others):
  eps=0.3: saddle c3=-0.166667+0.000000j tau1=1.57080+1.31696j K=0.0000-0.8660j I_loc=-2.2667-6.5818j  [seed -0.16666666666666666,(1.5707963267948966+1.3169578969248166j)]
      eps=0.3 saddle                         C*=0.5000-0.8660j theta1=1.5708-0.0000j a=2.0000+0.0000j R=12.000+0.000j K=0.0000-0.8660j | I_loc=-2.2667-6.5818j | Gamma_KS(sym)=-0.0000+1.2284j bdy=0.0000-1.7321j | I_inv=-1.6000-3.6214j  Re I_inv=-1.60000
  eps=0.3: saddle c3=-0.204602-0.818542j tau1=2.46994+0.91183j K=-0.0184-0.8650j I_loc=-3.2203-6.5724j  [seed (-0.885788-0.478724j),(2.73251+1.13928j)]
      eps=0.3 saddle                         C*=0.1529-0.1656j theta1=1.5708-0.0000j a=2.0000+0.0000j R=12.000+0.000j K=-0.0184-0.8650j | I_loc=-3.2203-6.5724j | Gamma_KS(sym)=0.3726+1.1772j bdy=-0.1104-1.7238j | I_inv=-1.8594-3.6562j  Re I_inv=-1.85941
  eps=0.3: saddle c3=-0.204602+0.818542j tau1=2.46994-0.91183j K=-0.0184+0.8650j I_loc=-3.2203+6.5724j  [seed (-0.885788+0.478724j),(2.73251-1.13928j)]
      eps=0.3 saddle                         C*=0.1529+0.1656j theta1=1.5708+0.0000j a=2.0000-0.0000j R=12.000-0.000j K=-0.0184+0.8650j | I_loc=-3.2203+6.5724j | Gamma_KS(sym)=0.3726-1.1772j bdy=-0.1104+1.7238j | I_inv=-1.8594+3.6562j  Re I_inv=-1.85941
  eps=0.3: saddle c3=-0.008064+0.000000j tau1=3.29029+0.00000j K=-0.6450+0.0000j I_loc=-11.4581+0.0000j  [seed -0.05,2.0]
      eps=0.3 saddle                         C*=0.5345+0.0000j theta1=1.5708+0.0000j a=2.0000+0.0000j R=12.000+0.000j K=-0.6450+0.0000j | I_loc=-11.4581+0.0000j | Gamma_KS(sym)=1.0543+0.0000j bdy=0.7157-0.0000j | I_inv=-6.4996+0.0000j  Re I_inv=-6.49959
  eps=0.3: saddle c3=-0.166667-0.000000j tau1=1.57080-1.31696j K=-0.0000+0.8660j I_loc=-2.2667+6.5818j  [seed -0.25,(2.5-1j)]
      eps=0.3 saddle                         C*=0.5000+0.8660j theta1=1.5708-0.0000j a=2.0000-0.0000j R=12.000-0.000j K=0.0000+0.8660j | I_loc=-2.2667+6.5818j | Gamma_KS(sym)=-0.0000-1.2284j bdy=0.0000+1.7321j | I_inv=-1.6000+3.6214j  Re I_inv=-1.60000
  eps=0.3: distinct saddles found: 5
  eps=0.355: saddle c3=-0.166667+0.000000j tau1=1.57080+1.31696j K=0.0000-0.8660j I_loc=-2.3767-7.1534j  [seed -0.16666666666666666,(1.5707963267948966+1.3169578969248166j)]
      eps=0.355 saddle                       C*=0.5000-0.8660j theta1=1.5708+0.0000j a=2.0000+0.0000j R=12.000+0.000j K=0.0000-0.8660j | I_loc=-2.3767-7.1534j | Gamma_KS(sym)=-0.0000+1.2284j bdy=0.0000-1.7321j | I_inv=-1.7100-4.1929j  Re I_inv=-1.71000
  eps=0.355: saddle c3=-0.348717-0.807122j tau1=2.52608+0.95325j K=-0.0180-0.8654j I_loc=-3.5639-7.1311j  [seed (-0.885788-0.478724j),(2.73251+1.13928j)]
      eps=0.355 saddle                       C*=0.1277-0.1470j theta1=1.5708-0.0000j a=2.0000+0.0000j R=12.000+0.000j K=-0.0180-0.8654j | I_loc=-3.5639-7.1311j | Gamma_KS(sym)=0.4615+1.1717j bdy=-0.1078-1.7259j | I_inv=-2.0430-4.2296j  Re I_inv=-2.04295
  eps=0.355: saddle c3=-0.348717+0.807122j tau1=2.52608-0.95325j K=-0.0180+0.8654j I_loc=-3.5639+7.1311j  [seed (-0.885788+0.478724j),(2.73251-1.13928j)]
      eps=0.355 saddle                       C*=0.1277+0.1470j theta1=1.5708+0.0000j a=2.0000-0.0000j R=12.000-0.000j K=-0.0180+0.8654j | I_loc=-3.5639+7.1311j | Gamma_KS(sym)=0.4615-1.1717j bdy=-0.1078+1.7259j | I_inv=-2.0430+4.2296j  Re I_inv=-2.04295
  eps=0.355: saddle c3=-0.008157+0.000000j tau1=3.50820+0.00000j K=-0.7576+0.0000j I_loc=-13.3753+0.0000j  [seed -0.05,2.0]
      eps=0.355 saddle                       C*=0.4924+0.0000j theta1=1.5708+0.0000j a=2.0000+0.0000j R=12.000+0.000j K=-0.7576+0.0000j | I_loc=-13.3753+0.0000j | Gamma_KS(sym)=0.7706+0.0000j bdy=1.1597-0.0000j | I_inv=-7.9368+0.0000j  Re I_inv=-7.93680
  eps=0.355: saddle c3=-0.166667-0.000000j tau1=1.57080-1.31696j K=-0.0000+0.8660j I_loc=-2.3767+7.1534j  [seed -0.25,(2.5-1j)]
      eps=0.355 saddle                       C*=0.5000+0.8660j theta1=1.5708+0.0000j a=2.0000-0.0000j R=12.000-0.000j K=0.0000+0.8660j | I_loc=-2.3767+7.1534j | Gamma_KS(sym)=-0.0000-1.2284j bdy=0.0000+1.7321j | I_inv=-1.7100+4.1929j  Re I_inv=-1.71000
  eps=0.355: distinct saddles found: 5
