=== (1) sheet table at (a1=3, K1=-i sqrt8), eps=1, J-1 scheme.  h(+sheet) = -Re I, h(-sheet) = +Re I; candidate sheet = the one with h<=0; weight e^{-|Re I| a}
name  c3                      T                      Re I/a    Im I/a    candidate sheet   |Re I|   R(T)                  Im R/|R|   max|a|  wind  Re eta(T)
sphere -0.166667-0.000000j   +1.570796+1.762747j     -4.500   -38.184   -1 (flipped, e^{+I})     4.500  +12.000-0.000j   -0.000     3.00  -0.13  +6.742
A      -0.061078-0.074741j   +0.958365-7.517934j     -8.283   +13.076   -1 (flipped, e^{+I})     8.283  +0.468-2.121j   -0.977     6.08  +0.23  +6.176
B      -0.078012-0.080863j   +3.646649-7.552073j     -4.171   +13.380   -1 (flipped, e^{+I})     4.171  +0.447+2.135j   +0.979     5.42  +0.18  +6.284
C      +0.011760-0.000057j   -6.007494-4.176755j    -18.555   -62.569   -1 (flipped, e^{+I})    18.555  +7.506-10.070j   -0.802     3.70  +0.40  +6.558
D      +0.006200+0.006758j   +4.931966+3.047997j     +1.289   -27.185   +1 (HH-type, e^{-I})     1.289  +3.838+3.498j   +0.674     3.29  -0.09  +7.178
E      -0.160805+0.117255j   -4.089197-8.820504j     -0.358   +11.032   -1 (flipped, e^{+I})     0.358  +0.500+2.124j   +0.973     8.19  -0.68  +4.795
F      -0.024640+0.090852j   +2.969438-8.244251j    +16.194   -75.722   +1 (HH-type, e^{-I})    16.194  +8.992+11.991j   +0.800     9.13  -0.81  +5.456
G      -0.073135-0.070948j   +2.275652-14.632213j     -6.085   +41.026   -1 (flipped, e^{+I})     6.085  +0.231+0.018j   +0.077     7.75  +0.23  +5.557
H      -0.074380-0.093827j   +0.233795+9.329840j    -59.513   +66.841   -1 (flipped, e^{+I})    59.513  -8.303-6.913j   -0.640     9.46  +0.75  +5.018
I      -0.103854-0.087970j   -10.389552+3.304918j    -13.961   -24.145   -1 (flipped, e^{+I})    13.961  +3.854-3.498j   -0.672     3.38  +0.55  +5.362
J      -0.067485+0.073246j   +4.536903+10.252188j     +4.143   -46.420   +1 (HH-type, e^{-I})     4.143  +2.140+4.068j   +0.885     6.16  -0.18  +6.850
K      -0.067834+0.076298j   -6.494782-10.376287j    -19.559   -78.706   -1 (flipped, e^{+I})    19.559  +7.769-8.328j   -0.731     7.59  +0.34  +6.473
L      -0.041756-0.168680j   +0.644368+8.539119j     -8.137   -27.517   -1 (flipped, e^{+I})     8.137  +13.587+3.490j   +0.249     4.95  +0.76  +5.196
M      -0.099604-0.091109j   +11.524847-8.253794j    -45.669   -27.168   -1 (flipped, e^{+I})    45.669  +21.209+7.473j   +0.332     6.16  -0.90  +6.297
N      -0.071493-0.074147j   +3.927697-16.782805j     -4.815   +42.406   -1 (flipped, e^{+I})     4.815  +0.392+2.089j   +0.983     6.56  +0.21  +5.781
O      -0.091483+0.095266j   -7.733206-8.265503j    -29.348   -76.644   -1 (flipped, e^{+I})    29.348  +9.022-11.977j   -0.799     4.16  +0.37  +6.826
P      +0.038850+0.108716j   -1.880350+6.600720j     +4.587   -33.067   +1 (HH-type, e^{-I})     4.587  +8.593-0.328j   -0.038     3.00  -0.29  +5.103
Q no convergence
S      -0.024619+0.074912j   -6.323142+10.106159j    -19.845  -107.728   -1 (flipped, e^{+I})    19.845  +7.946-19.696j   -0.927    30.70  -1.34  +5.224

ranking by |Re I| (least-suppressed candidate first):
  E      |Re I|/a =   0.358   Re I = -0.358
  D      |Re I|/a =   1.289   Re I = +1.289
  J      |Re I|/a =   4.143   Re I = +4.143
  B      |Re I|/a =   4.171   Re I = -4.171
  sphere |Re I|/a =   4.500   Re I = -4.500
  P      |Re I|/a =   4.587   Re I = +4.587
  N      |Re I|/a =   4.815   Re I = -4.815
  G      |Re I|/a =   6.085   Re I = -6.085
  L      |Re I|/a =   8.137   Re I = -8.137
  A      |Re I|/a =   8.283   Re I = -8.283
  I      |Re I|/a =  13.961   Re I = -13.961
  F      |Re I|/a =  16.194   Re I = +16.194
  C      |Re I|/a =  18.555   Re I = -18.555
  K      |Re I|/a =  19.559   Re I = -19.559
  S      |Re I|/a =  19.845   Re I = -19.845
  O      |Re I|/a =  29.348   Re I = -29.348
  M      |Re I|/a =  45.669   Re I = -45.669
  H      |Re I|/a =  59.513   Re I = -59.513

=== (2) classicality along the dS data: d(Re I)/da1 vs d(Im I)/da1 (K1 = -i sqrt(a1^2-1)); Im R(T)
sphere:
   a1=3.00: I/a=-4.5000-38.1838j  R(T)=+12.000-0.000j  c3=-0.16667-0.00000j T=+1.5708+1.7627j
   a1=3.10: I/a=-4.5000-41.4027j  R(T)=+12.000-0.000j  c3=-0.16667-0.00000j T=+1.5708+1.7975j   dReI/da1=  -0.000  dImI/da1= -32.189  ratio=0.000
   a1=3.25: I/a=-4.5000-46.5782j  R(T)=+12.000-0.000j  c3=-0.16667-0.00000j T=+1.5708+1.8472j   dReI/da1=  +0.000  dImI/da1= -34.503  ratio=0.000
   a1=3.50: I/a=-4.5000-56.1812j  R(T)=+12.000-0.000j  c3=-0.16667-0.00000j T=+1.5708+1.9248j   dReI/da1=  +0.000  dImI/da1= -38.412  ratio=0.000
   a1=4.00: I/a=-4.5000-79.3962j  R(T)=+12.000-0.000j  c3=-0.16667-0.00000j T=+1.5708+2.0634j   dReI/da1=  +0.000  dImI/da1= -46.430  ratio=0.000
   a1=5.00: I/a=-4.5000-144.5199j  R(T)=+12.000-0.000j  c3=-0.16667-0.00000j T=+1.5708+2.2924j   dReI/da1=  -0.000  dImI/da1= -65.124  ratio=0.000
E:
   a1=3.00: I/a=-0.3576+11.0319j  R(T)=+0.500+2.124j  c3=-0.16080+0.11725j T=-4.0892-8.8205j
   a1=3.10: I/a=+0.6483+10.4064j  R(T)=+0.515+2.345j  c3=-0.15961+0.11668j T=-3.9577-8.8579j   dReI/da1= +10.059  dImI/da1=  -6.255  ratio=1.608
   a1=3.25: I/a=+2.4792+9.3809j  R(T)=+0.538+2.616j  c3=-0.15810+0.11572j T=-3.7950-8.9109j   dReI/da1= +12.206  dImI/da1=  -6.837  ratio=1.785
   a1=3.50: I/a=+6.3775+7.4114j  R(T)=+0.576+2.962j  c3=-0.15613+0.11401j T=-3.5841-8.9924j   dReI/da1= +15.593  dImI/da1=  -7.878  ratio=1.979
   a1=4.00: I/a=+17.4272+2.3439j  R(T)=+0.641+3.428j  c3=-0.15347+0.11059j T=-3.2914-9.1351j   dReI/da1= +22.099  dImI/da1= -10.135  ratio=2.181
   a1=5.00: I/a=+53.9214-13.3111j  R(T)=+0.735+3.938j  c3=-0.15074+0.10443j T=-2.9490-9.3660j   dReI/da1= +36.494  dImI/da1= -15.655  ratio=2.331
D:
   a1=3.00: I/a=+1.2892-27.1846j  R(T)=+3.838+3.498j  c3=+0.00620+0.00676j T=+4.9320+3.0480j
   a1=3.10: I/a=+2.4444-29.2508j  R(T)=+3.760+3.534j  c3=+0.00584+0.00563j T=+5.0668+3.1307j   dReI/da1= +11.552  dImI/da1= -20.662  ratio=0.559
   a1=3.25: I/a=+4.3628-32.5275j  R(T)=+3.652+3.583j  c3=+0.00530+0.00423j T=+5.2674+3.2547j   dReI/da1= +12.790  dImI/da1= -21.845  ratio=0.585
   a1=3.50: I/a=+8.0871-38.4773j  R(T)=+3.489+3.652j  c3=+0.00441+0.00249j T=+5.5979+3.4618j   dReI/da1= +14.897  dImI/da1= -23.799  ratio=0.626
   a1=4.00: I/a=+17.7221-52.3140j  R(T)=+3.221+3.754j  c3=+0.00285+0.00051j T=+6.2465+3.8790j   dReI/da1= +19.270  dImI/da1= -27.673  ratio=0.696
   a1=5.00: I/a=+47.3655-88.5619j  R(T)=+2.840+3.876j  c3=+0.00085-0.00052j T=+7.5124+4.7344j   dReI/da1= +29.643  dImI/da1= -36.248  ratio=0.818
B:
   a1=3.00: I/a=-4.1709+13.3802j  R(T)=+0.447+2.135j  c3=-0.07801-0.08086j T=+3.6466-7.5521j
   a1=3.10: I/a=-3.1064+12.8025j  R(T)=+0.471+2.358j  c3=-0.07899-0.08028j T=+3.7936-7.5974j   dReI/da1= +10.645  dImI/da1=  -5.777  ratio=1.843
   a1=3.25: I/a=-1.1897+11.8326j  R(T)=+0.503+2.631j  c3=-0.08020-0.07942j T=+3.9762-7.6628j   dReI/da1= +12.778  dImI/da1=  -6.466  ratio=1.976
   a1=3.50: I/a=+2.8450+9.9266j  R(T)=+0.551+2.977j  c3=-0.08182-0.07808j T=+4.2140-7.7664j   dReI/da1= +16.139  dImI/da1=  -7.624  ratio=2.117
   a1=4.00: I/a=+14.1425+4.9214j  R(T)=+0.628+3.441j  c3=-0.08422-0.07567j T=+4.5440-7.9567j   dReI/da1= +22.595  dImI/da1= -10.010  ratio=2.257
   a1=5.00: I/a=+51.0447-10.7335j  R(T)=+0.730+3.946j  c3=-0.08762-0.07166j T=+4.9191-8.2837j   dReI/da1= +36.902  dImI/da1= -15.655  ratio=2.357
J:
   a1=3.00: I/a=+4.1428-46.4196j  R(T)=+2.140+4.068j  c3=-0.06749+0.07325j T=+4.5369+10.2522j
   a1=3.10: I/a=+5.8181-47.9115j  R(T)=+2.165+4.067j  c3=-0.06709+0.07301j T=+4.5333+10.2210j   dReI/da1= +16.753  dImI/da1= -14.919  ratio=1.123
   a1=3.25: I/a=+8.5108-50.3237j  R(T)=+2.195+4.057j  c3=-0.06647+0.07259j T=+4.5262+10.1788j   dReI/da1= +17.952  dImI/da1= -16.081  ratio=1.116
   a1=3.50: I/a=+13.4957-54.8188j  R(T)=+2.228+4.028j  c3=-0.06540+0.07172j T=+4.5108+10.1200j   dReI/da1= +19.939  dImI/da1= -17.980  ratio=1.109
   a1=4.00: I/a=+25.4604-65.6557j  R(T)=+2.248+3.949j  c3=-0.06331+0.06933j T=+4.4720+10.0412j   dReI/da1= +23.929  dImI/da1= -21.674  ratio=1.104
   a1=5.00: I/a=+58.5573-95.3155j  R(T)=+2.203+3.812j  c3=-0.06053+0.06253j T=+4.3952+9.9899j   dReI/da1= +33.097  dImI/da1= -29.660  ratio=1.116
N:
   a1=3.00: I/a=-4.8146+42.4061j  R(T)=+0.392+2.089j  c3=-0.07149-0.07415j T=+3.9277-16.7828j
   a1=3.10: I/a=-3.7975+41.9146j  R(T)=+0.425+2.324j  c3=-0.07149-0.07416j T=+4.0978-16.8756j   dReI/da1= +10.171  dImI/da1=  -4.915  ratio=2.069
   a1=3.25: I/a=-1.9298+41.0538j  R(T)=+0.468+2.608j  c3=-0.07148-0.07418j T=+4.3014-16.9990j   dReI/da1= +12.451  dImI/da1=  -5.739  ratio=2.170
   a1=3.50: I/a=+2.0536+39.2949j  R(T)=+0.526+2.964j  c3=-0.07148-0.07420j T=+4.5571-17.1776j   dReI/da1= +15.934  dImI/da1=  -7.035  ratio=2.265
   a1=4.00: I/a=+13.2964+34.5111j  R(T)=+0.613+3.435j  c3=-0.07148-0.07423j T=+4.8999-17.4755j   dReI/da1= +22.486  dImI/da1=  -9.568  ratio=2.350
   a1=5.00: I/a=+50.1459+19.1620j  R(T)=+0.724+3.943j  c3=-0.07148-0.07427j T=+5.2796-17.9443j   dReI/da1= +36.849  dImI/da1= -15.349  ratio=2.401
P:
   a1=3.00: I/a=+4.5867-33.0672j  R(T)=+8.593-0.328j  c3=+0.03885+0.10872j T=-1.8803+6.6007j
   a1=3.10: I/a=+4.4044-36.0600j  R(T)=+8.801-0.590j  c3=+0.03852+0.10305j T=-1.9735+6.6346j   dReI/da1=  -1.823  dImI/da1= -29.928  ratio=0.061
   a1=3.25: I/a=+4.0536-40.9676j  R(T)=+9.173-0.986j  c3=+0.03889+0.09412j T=-2.1273+6.6596j   dReI/da1=  -2.339  dImI/da1= -32.717  ratio=0.071
   a1=3.50: I/a=+3.3382-50.5463j  R(T)=+10.257-1.460j  c3=+0.04712+0.07777j T=-2.3862+6.5147j   dReI/da1=  -2.861  dImI/da1= -38.315  ratio=0.075
   a1=4.00: I/a=+3.0087-74.1206j  R(T)=+11.258-0.780j  c3=+0.06429+0.07596j T=-2.2961+6.3511j   dReI/da1=  -0.659  dImI/da1= -47.149  ratio=0.014
   a1=5.00: I/a=-16.9408-144.1148j  R(T)=+8.117-5.532j  c3=-0.01565+0.03875j T=-3.8839+8.5368j   dReI/da1= -19.949  dImI/da1= -69.994  ratio=0.285
A:
   a1=3.00: I/a=-8.2829+13.0759j  R(T)=+0.468-2.121j  c3=-0.06108-0.07474j T=+0.9584-7.5179j
   a1=3.10: I/a=-9.3139+12.4662j  R(T)=+0.488-2.345j  c3=-0.06058-0.07329j T=+0.8076-7.5535j   dReI/da1= -10.310  dImI/da1=  -6.097  ratio=1.691
   a1=3.25: I/a=-11.1819+11.4579j  R(T)=+0.516-2.619j  c3=-0.06013-0.07129j T=+0.6190-7.6066j   dReI/da1= -12.454  dImI/da1=  -6.722  ratio=1.853
   a1=3.50: I/a=-15.1396+9.5046j  R(T)=+0.560-2.968j  c3=-0.05992-0.06830j T=+0.3702-7.6929j   dReI/da1= -15.831  dImI/da1=  -7.813  ratio=2.026
   a1=4.00: I/a=-26.2967+4.4403j  R(T)=+0.632-3.434j  c3=-0.06056-0.06332j T=+0.0157-7.8565j   dReI/da1= -22.314  dImI/da1= -10.129  ratio=2.203
   a1=5.00: I/a=-62.9604-11.2654j  R(T)=+0.732-3.942j  c3=-0.06344-0.05600j T=-0.4129-8.1469j   dReI/da1= -36.664  dImI/da1= -15.706  ratio=2.334

=== (4) eps-continuation at fixed data (3, -i sqrt8): Re I/a of the same saddles at eps = 0.5, 0.75, 1, 1.5, 2
sphere  eps=0.75: ReI=-4.000 (c3=-0.1667-0.0000j,T=+1.571+1.763j)  eps=0.5: ReI=-3.500 (c3=-0.1667-0.0000j,T=+1.571+1.763j)  eps=1.5: ReI=-5.500 (c3=-0.1667-0.0000j,T=+1.571+1.763j)  eps=2.0: ReI=-6.500 (c3=-0.1667-0.0000j,T=+1.571+1.763j)
E       eps=0.75: ReI=-4.780 (c3=-0.2157+0.0834j,T=-6.339-7.523j)  eps=0.5: ReI=-5.091 (c3=-0.2412+0.0175j,T=-5.911-6.138j)  eps=1.5: lost
D       eps=0.75: ReI=+0.775 (c3=+0.0057+0.0064j,T=+4.610+2.692j)  eps=0.5: ReI=-0.118 (c3=+0.0044+0.0055j,T=+4.230+2.245j)  eps=1.5: ReI=+1.647 (c3=+0.0063+0.0068j,T=+5.467+3.607j)  eps=2.0: ReI=+1.459 (c3=+0.0060+0.0066j,T=+5.908+4.045j)
B       eps=0.75: ReI=-2.638 (c3=-0.1036-0.0856j,T=+3.450-6.698j)  eps=0.5: ReI=-1.174 (c3=-0.1424-0.0810j,T=+3.156-5.683j)  eps=1.5: ReI=-34.828 (c3=+0.0073+0.0050j,T=-7.264-4.358j)  eps=2.0: lost
A       eps=0.75: ReI=-2.638 (c3=-0.1036-0.0856j,T=+3.450-6.698j)  eps=0.5: ReI=-1.174 (c3=-0.1424-0.0810j,T=+3.156-5.683j)  eps=1.5: ReI=-8.878 (c3=-0.0390-0.0621j,T=+1.458-8.980j)  eps=2.0: ReI=-9.818 (c3=-0.0289-0.0531j,T=+2.261-10.242j)
F       eps=0.75: ReI=-0.136 (c3=-0.0933+0.0874j,T=+1.801-8.821j)  eps=0.5: ReI=-12.198 (c3=-0.1564+0.1195j,T=+0.739-6.325j)  eps=1.5: ReI=+17.198 (c3=-0.0481+0.0623j,T=+2.249-12.897j)  eps=2.0: lost
DONE
